Copyright 1986-2022 Xilinx, Inc. All Rights Reserved.
---------------------------------------------------------------------------------------
| Tool Version : Vivado v.2022.2 (win64) Build 3671981 Fri Oct 14 05:00:03 MDT 2022
| Date         : Mon May 11 21:13:23 2026
| Host         : DasVader running 64-bit major release  (build 9200)
| Command      : report_control_sets -verbose -file Module_top_control_sets_placed.rpt
| Design       : Module_top
| Device       : xc7s50
---------------------------------------------------------------------------------------

Control Set Information

Table of Contents
-----------------
1. Summary
2. Histogram
3. Flip-Flop Distribution
4. Detailed Control Set Information

1. Summary
----------

+----------------------------------------------------------+-------+
|                          Status                          | Count |
+----------------------------------------------------------+-------+
| Total control sets                                       |   110 |
|    Minimum number of control sets                        |   110 |
|    Addition due to synthesis replication                 |     0 |
|    Addition due to physical synthesis replication        |     0 |
| Unused register locations in slices containing registers |   396 |
+----------------------------------------------------------+-------+
* Control sets can be merged at opt_design using control_set_merge or merge_equivalent_drivers
** Run report_qor_suggestions for automated merging and remapping suggestions


2. Histogram
------------

+--------------------+-------+
|       Fanout       | Count |
+--------------------+-------+
| Total control sets |   110 |
| >= 0 to < 4        |    18 |
| >= 4 to < 6        |    16 |
| >= 6 to < 8        |    11 |
| >= 8 to < 10       |    15 |
| >= 10 to < 12      |     4 |
| >= 12 to < 14      |     2 |
| >= 14 to < 16      |     0 |
| >= 16              |    44 |
+--------------------+-------+
* Control sets can be remapped at either synth_design or opt_design


3. Flip-Flop Distribution
-------------------------

+--------------+-----------------------+------------------------+-----------------+--------------+
| Clock Enable | Synchronous Set/Reset | Asynchronous Set/Reset | Total Registers | Total Slices |
+--------------+-----------------------+------------------------+-----------------+--------------+
| No           | No                    | No                     |             396 |          135 |
| No           | No                    | Yes                    |              29 |            8 |
| No           | Yes                   | No                     |             467 |          168 |
| Yes          | No                    | No                     |             209 |           71 |
| Yes          | No                    | Yes                    |              15 |            8 |
| Yes          | Yes                   | No                     |             840 |          255 |
+--------------+-----------------------+------------------------+-----------------+--------------+


4. Detailed Control Set Information
-----------------------------------

+-----------------------------------------------------------------+----------------------------------------------------------------------------------------------------------------------------------------------------------------------------------------------------------------+----------------------------------------------------------------------------------------------------------------------------------------------------------------------------------+------------------+----------------+--------------+
|                           Clock Signal                          |                                                                                                  Enable Signal                                                                                                 |                                                                                 Set/Reset Signal                                                                                 | Slice Load Count | Bel Load Count | Bels / Slice |
+-----------------------------------------------------------------+----------------------------------------------------------------------------------------------------------------------------------------------------------------------------------------------------------------+----------------------------------------------------------------------------------------------------------------------------------------------------------------------------------+------------------+----------------+--------------+
|  Clk_IBUF_BUFG                                                  |                                                                                                                                                                                                                | audio_control_i/microblaze_0/U0/MicroBlaze_Core_I/Area.Core/Decode_I/MSR_Rst                                                                                                     |                1 |              1 |         1.00 |
|  Clk_IBUF_BUFG                                                  | audio_control_i/microblaze_0/U0/MicroBlaze_Core_I/Area.Core/Implement_Debug_Logic.Master_Core.Debug_Area/Area_Debug_Control.Stop_CPU_FDRSE/Area_Debug_Control.normal_stop_cmd_hold_reg                         | audio_control_i/microblaze_0/U0/MicroBlaze_Core_I/Area.Core/Implement_Debug_Logic.Master_Core.Debug_Area/Area_Debug_Control.Stop_Instr_Fetch_FDRSE/Using_FPGA.Native_i_1__85_n_0 |                1 |              1 |         1.00 |
|  Clk_IBUF_BUFG                                                  | audio_control_i/microblaze_0/U0/MicroBlaze_Core_I/Area.Core/Implement_Debug_Logic.Master_Core.Debug_Area/Area_Debug_Control.Stop_CPU_FDRSE/Area_Debug_Control.normal_stop_cmd_hold_reg                         | audio_control_i/microblaze_0/U0/MicroBlaze_Core_I/Area.Core/Implement_Debug_Logic.Master_Core.Debug_Area/Area_Debug_Control.Stop_CPU_FDRSE/Using_FPGA.Native_i_1__84_n_0         |                1 |              1 |         1.00 |
|  Clk_IBUF_BUFG                                                  | audio_control_i/microblaze_0/U0/MicroBlaze_Core_I/Area.Core/Implement_Debug_Logic.Master_Core.Debug_Area/Area_Debug_Control.Stop_CPU_FDRSE/Area_Debug_Control.normal_stop_cmd_hold_reg                         | audio_control_i/microblaze_0/U0/MicroBlaze_Core_I/Area.Core/Implement_Debug_Logic.Master_Core.Debug_Area/Area_Debug_Control.Dbg_Inhibit_EX_FDRSE/Using_FPGA.Native_i_1__83_n_0   |                1 |              1 |         1.00 |
| ~audio_control_i/mdm_1/U0/Use_E2.BSCAN_I/Dbg_Update_0_BUFG      |                                                                                                                                                                                                                | audio_control_i/mdm_1/U0/MDM_Core_I1/JTAG_CONTROL_I/sel_n                                                                                                                        |                1 |              1 |         1.00 |
|  audio_control_i/mdm_1/U0/Use_E2.BSCAN_I/Dbg_Update_0_BUFG      | audio_control_i/microblaze_0/U0/MicroBlaze_Core_I/Area.Core/Implement_Debug_Logic.Master_Core.Debug_Area/Control_Reg_En                                                                                        | audio_control_i/microblaze_0/U0/MicroBlaze_Core_I/Area.Core/Implement_Debug_Logic.Master_Core.Debug_Area/start_single_step_reg_n_0                                               |                1 |              1 |         1.00 |
|  Clk_IBUF_BUFG                                                  |                                                                                                                                                                                                                | audio_control_i/microblaze_0/U0/MicroBlaze_Core_I/Area.Core/Decode_I/Using_FPGA.New_Carry_MUXCY/Using_FPGA.Native_0                                                              |                1 |              1 |         1.00 |
|  audio_control_i/mdm_1/U0/Use_E2.BSCAN_I/Dbg_Update_0_BUFG      | audio_control_i/microblaze_0/U0/MicroBlaze_Core_I/Area.Core/Implement_Debug_Logic.Master_Core.Debug_Area/Control_Reg_En                                                                                        | audio_control_i/microblaze_0/U0/MicroBlaze_Core_I/Area.Core/Implement_Debug_Logic.Master_Core.Debug_Area/Serial_Dbg_Intf.continue_from_brk_reg_n_0                               |                1 |              1 |         1.00 |
|  Clk_IBUF_BUFG                                                  |                                                                                                                                                                                                                | audio_control_i/microblaze_0/U0/MicroBlaze_Core_I/Area.Core/Decode_I/exception_kind[0]                                                                                           |                1 |              1 |         1.00 |
|  audio_control_i/mdm_1/U0/Use_E2.BSCAN_I/Dbg_Update_0_BUFG      | audio_control_i/microblaze_0/U0/MicroBlaze_Core_I/Area.Core/Implement_Debug_Logic.Master_Core.Debug_Area/Control_Reg_En                                                                                        | audio_control_i/microblaze_0/U0/MicroBlaze_Core_I/Area.Core/Implement_Debug_Logic.Master_Core.Debug_Area/Functional_Reset                                                        |                1 |              1 |         1.00 |
|  Clk_IBUF_BUFG                                                  |                                                                                                                                                                                                                | audio_control_i/microblaze_0/U0/MicroBlaze_Core_I/Area.Core/Implement_Debug_Logic.Master_Core.Debug_Area/Serial_Dbg_Intf.capture_1                                               |                1 |              1 |         1.00 |
|  audio_control_i/mdm_1/U0/Use_E2.BSCAN_I/Dbg_Update_0_BUFG      | audio_control_i/microblaze_0/U0/MicroBlaze_Core_I/Area.Core/Implement_Debug_Logic.Master_Core.Debug_Area/Control_Reg_En                                                                                        | audio_control_i/microblaze_0/U0/MicroBlaze_Core_I/Area.Core/Implement_Debug_Logic.Master_Core.Debug_Area/Serial_Dbg_Intf.normal_stop_cmd_rst_i_i_1_n_0                           |                1 |              1 |         1.00 |
| ~audio_control_i/mdm_1/U0/No_Dbg_Reg_Access.BUFG_DRCK/Dbg_Clk_0 | audio_control_i/mdm_1/U0/MDM_Core_I1/JTAG_CONTROL_I/Use_BSCAN.FDC_I/CE                                                                                                                                         | audio_control_i/mdm_1/U0/MDM_Core_I1/JTAG_CONTROL_I/Use_BSCAN.FDC_I/D                                                                                                            |                1 |              1 |         1.00 |
|  Clk_IBUF_BUFG                                                  | audio_control_i/microblaze_0/U0/MicroBlaze_Core_I/Area.Core/Decode_I/Using_FPGA.of_PipeRun_MuxCY_1/Using_FPGA.Native_0                                                                                         | audio_control_i/microblaze_0/U0/MicroBlaze_Core_I/Area.Core/Decode_I/Using_FPGA.of_PipeRun_MuxCY_1/Using_FPGA.take_Intr_2nd_Phase_reg                                            |                1 |              1 |         1.00 |
|  audio_control_i/mdm_1/U0/No_Dbg_Reg_Access.BUFG_DRCK/Dbg_Clk_0 | audio_control_i/mdm_1/U0/Use_E2.BSCAN_I/Use_E2.BSCANE2_I_0                                                                                                                                                     | audio_control_i/mdm_1/U0/MDM_Core_I1/JTAG_CONTROL_I/Functional_Reset                                                                                                             |                1 |              1 |         1.00 |
|  Clk_IBUF_BUFG                                                  |                                                                                                                                                                                                                | audio_control_i/microblaze_0/U0/MicroBlaze_Core_I/Area.Core/Decode_I/Using_FPGA.Using_Breakable_Pipe.Take_Intr_MUXCY_3/Using_FPGA.Native_0                                       |                1 |              1 |         1.00 |
|  audio_control_i/mdm_1/U0/Use_E2.BSCAN_I/Dbg_Update_0_BUFG      | audio_control_i/microblaze_0/U0/MicroBlaze_Core_I/Area.Core/Implement_Debug_Logic.Master_Core.Debug_Area/Command_Reg_En                                                                                        | audio_control_i/microblaze_0/U0/MicroBlaze_Core_I/Area.Core/Implement_Debug_Logic.Master_Core.Debug_Area/command_reg_clear                                                       |                1 |              2 |         2.00 |
|  audio_control_i/mdm_1/U0/Use_E2.BSCAN_I/Dbg_Update_0_BUFG      |                                                                                                                                                                                                                |                                                                                                                                                                                  |                3 |              3 |         1.00 |
|  audio_clk_i/inst/clk_audio                                     | mem/FSM_onehot_state[3]_i_1_n_0                                                                                                                                                                                | hex_segB_OBUF[0]                                                                                                                                                                 |                1 |              4 |         4.00 |
|  Clk_IBUF_BUFG                                                  | audio_control_i/axi_gpio_0/U0/AXI_LITE_IPIF_I/I_SLAVE_ATTACHMENT/start2                                                                                                                                        | audio_control_i/axi_gpio_0/U0/AXI_LITE_IPIF_I/I_SLAVE_ATTACHMENT/I_DECODER/cs_ce_clr                                                                                             |                1 |              4 |         4.00 |
|  Clk_IBUF_BUFG                                                  |                                                                                                                                                                                                                | audio_control_i/axi_gpio_0/U0/AXI_LITE_IPIF_I/I_SLAVE_ATTACHMENT/clear                                                                                                           |                1 |              4 |         4.00 |
|  Clk_IBUF_BUFG                                                  | audio_control_i/axi_gpio_0/U0/AXI_LITE_IPIF_I/I_SLAVE_ATTACHMENT/bus2ip_addr_i[8]_i_1_n_0                                                                                                                      | audio_control_i/axi_gpio_0/U0/AXI_LITE_IPIF_I/I_SLAVE_ATTACHMENT/SR[0]                                                                                                           |                1 |              4 |         4.00 |
|  Clk_IBUF_BUFG                                                  | audio_control_i/axi_uartlite_1/U0/UARTLITE_CORE_I/BAUD_RATE_I/en_16x_Baud                                                                                                                                      |                                                                                                                                                                                  |                1 |              4 |         4.00 |
| ~audio_control_i/mdm_1/U0/Use_E2.BSCAN_I/Dbg_Update_0_BUFG      |                                                                                                                                                                                                                | audio_control_i/mdm_1/U0/Use_E2.BSCAN_I/AR[0]                                                                                                                                    |                1 |              4 |         4.00 |
|  Clk_IBUF_BUFG                                                  | audio_control_i/microblaze_0/U0/MicroBlaze_Core_I/Area.Core/Decode_I/Using_FPGA.of_PipeRun_MuxCY_1/E[0]                                                                                                        |                                                                                                                                                                                  |                1 |              4 |         4.00 |
|  Clk_IBUF_BUFG                                                  |                                                                                                                                                                                                                | audio_control_i/microblaze_0/U0/MicroBlaze_Core_I/Area.Core/Implement_Debug_Logic.Master_Core.Debug_Area/Area_Debug_Control.Stop_CPU_FDRSE/S                                     |                2 |              4 |         2.00 |
|  Clk_IBUF_BUFG                                                  |                                                                                                                                                                                                                | audio_control_i/microblaze_0_axi_intc/U0/AXI_LITE_IPIF_I/I_SLAVE_ATTACHMENT/clear                                                                                                |                1 |              4 |         4.00 |
|  audio_control_i/mdm_1/U0/Use_E2.BSCAN_I/Dbg_Update_0_BUFG      | audio_control_i/mdm_1/U0/MDM_Core_I1/Use_BSCAN.MDM_SEL                                                                                                                                                         | audio_control_i/mdm_1/U0/Use_E2.BSCAN_I/AR[0]                                                                                                                                    |                1 |              4 |         4.00 |
|  audio_control_i/mdm_1/U0/No_Dbg_Reg_Access.BUFG_DRCK/Dbg_Clk_0 | audio_control_i/mdm_1/U0/MDM_Core_I1/Use_BSCAN.TDI_Shifter0                                                                                                                                                    | audio_control_i/mdm_1/U0/Use_E2.BSCAN_I/AR[0]                                                                                                                                    |                1 |              4 |         4.00 |
|  Clk_IBUF_BUFG                                                  | audio_control_i/axi_uartlite_0/U0/AXI_LITE_IPIF_I/I_SLAVE_ATTACHMENT/start2                                                                                                                                    | audio_control_i/axi_uartlite_0/U0/AXI_LITE_IPIF_I/I_SLAVE_ATTACHMENT/I_DECODER/cs_ce_clr                                                                                         |                1 |              4 |         4.00 |
|  Clk_IBUF_BUFG                                                  | audio_control_i/axi_uartlite_1/U0/AXI_LITE_IPIF_I/I_SLAVE_ATTACHMENT/start2                                                                                                                                    | audio_control_i/axi_uartlite_1/U0/AXI_LITE_IPIF_I/I_SLAVE_ATTACHMENT/I_DECODER/cs_ce_clr                                                                                         |                1 |              4 |         4.00 |
|  Clk_IBUF_BUFG                                                  | audio_control_i/axi_uartlite_0/U0/UARTLITE_CORE_I/BAUD_RATE_I/en_16x_Baud                                                                                                                                      |                                                                                                                                                                                  |                1 |              4 |         4.00 |
|  Clk_IBUF_BUFG                                                  |                                                                                                                                                                                                                | audio_control_i/rst_clk_100MHz_100M/U0/EXT_LPF/lpf_int                                                                                                                           |                3 |              5 |         1.67 |
|  audio_control_i/mdm_1/U0/Use_E2.BSCAN_I/Dbg_Update_0_BUFG      | audio_control_i/microblaze_0/U0/MicroBlaze_Core_I/Area.Core/Implement_Debug_Logic.Master_Core.Debug_Area/Control_Reg_En                                                                                        |                                                                                                                                                                                  |                2 |              5 |         2.50 |
|  Clk_IBUF_BUFG                                                  | audio_control_i/rst_clk_100MHz_100M/U0/SEQ/seq_cnt_en                                                                                                                                                          | audio_control_i/rst_clk_100MHz_100M/U0/SEQ/SEQ_COUNTER/clear                                                                                                                     |                1 |              6 |         6.00 |
|  audio_control_i/mdm_1/U0/No_Dbg_Reg_Access.BUFG_DRCK/Dbg_Clk_0 | audio_control_i/mdm_1/U0/Use_E2.BSCAN_I/sel                                                                                                                                                                    |                                                                                                                                                                                  |                2 |              6 |         3.00 |
|  Clk_IBUF_BUFG                                                  |                                                                                                                                                                                                                | audio_control_i/axi_uartlite_0/U0/UARTLITE_CORE_I/UARTLITE_RX_I/SRL_FIFO_I/I_SRL_FIFO_RBU_F/CNTR_INCR_DECR_ADDN_F_I/SS[0]                                                        |                2 |              6 |         3.00 |
|  Clk_IBUF_BUFG                                                  |                                                                                                                                                                                                                | audio_control_i/axi_uartlite_1/U0/UARTLITE_CORE_I/UARTLITE_TX_I/SRL_FIFO_I/I_SRL_FIFO_RBU_F/CNTR_INCR_DECR_ADDN_F_I/SS[0]                                                        |                2 |              6 |         3.00 |
|  Clk_IBUF_BUFG                                                  |                                                                                                                                                                                                                | audio_control_i/axi_uartlite_0/U0/UARTLITE_CORE_I/UARTLITE_TX_I/SRL_FIFO_I/I_SRL_FIFO_RBU_F/CNTR_INCR_DECR_ADDN_F_I/SS[0]                                                        |                3 |              6 |         2.00 |
|  audio_control_i/mdm_1/U0/No_Dbg_Reg_Access.BUFG_DRCK/Dbg_Clk_0 | audio_control_i/mdm_1/U0/MDM_Core_I1/JTAG_CONTROL_I/Use_BSCAN.FDC_I/sample_1                                                                                                                                   |                                                                                                                                                                                  |                3 |              6 |         2.00 |
|  audio_control_i/mdm_1/U0/No_Dbg_Reg_Access.BUFG_DRCK/Dbg_Clk_0 | audio_control_i/mdm_1/U0/Use_E2.BSCAN_I/Use_E2.BSCANE2_I_2                                                                                                                                                     |                                                                                                                                                                                  |                2 |              6 |         3.00 |
|  Clk_IBUF_BUFG                                                  |                                                                                                                                                                                                                | audio_control_i/axi_uartlite_1/U0/UARTLITE_CORE_I/UARTLITE_RX_I/SRL_FIFO_I/I_SRL_FIFO_RBU_F/CNTR_INCR_DECR_ADDN_F_I/SS[0]                                                        |                3 |              6 |         2.00 |
|  Clk_IBUF_BUFG                                                  | audio_control_i/microblaze_0/U0/MicroBlaze_Core_I/Area.Core/Decode_I/Using_FPGA.of_PipeRun_MuxCY_1/Using_FPGA.Native_0                                                                                         | audio_control_i/microblaze_0/U0/MicroBlaze_Core_I/Area.Core/Decode_I/Using_FPGA.MUXCY_JUMP_CARRY3/R                                                                              |                2 |              7 |         3.50 |
|  Clk_IBUF_BUFG                                                  | audio_control_i/axi_uartlite_1/U0/UARTLITE_CORE_I/BAUD_RATE_I/en_16x_Baud                                                                                                                                      | audio_control_i/axi_uartlite_1/U0/UARTLITE_CORE_I/UARTLITE_RX_I/SERIAL_TO_PARALLEL[8].fifo_din[8]_i_1_n_0                                                                        |                1 |              7 |         7.00 |
|  Clk_IBUF_BUFG                                                  | audio_control_i/axi_uartlite_0/U0/UARTLITE_CORE_I/BAUD_RATE_I/en_16x_Baud                                                                                                                                      | audio_control_i/axi_uartlite_0/U0/UARTLITE_CORE_I/UARTLITE_RX_I/SERIAL_TO_PARALLEL[8].fifo_din[8]_i_1_n_0                                                                        |                1 |              7 |         7.00 |
| ~audio_control_i/mdm_1/U0/Use_E2.BSCAN_I/Dbg_Update_0_BUFG      | audio_control_i/mdm_1/U0/MDM_Core_I1/JTAG_CONTROL_I/Use_BSCAN.command[0]_i_1_n_0                                                                                                                               |                                                                                                                                                                                  |                2 |              8 |         4.00 |
|  audio_control_i/mdm_1/U0/No_Dbg_Reg_Access.BUFG_DRCK/Dbg_Clk_0 | audio_control_i/mdm_1/U0/MDM_Core_I1/JTAG_CONTROL_I/tdi_shifter0                                                                                                                                               |                                                                                                                                                                                  |                3 |              8 |         2.67 |
|  Clk_IBUF_BUFG                                                  | audio_control_i/axi_uartlite_0/U0/AXI_LITE_IPIF_I/I_SLAVE_ATTACHMENT/I_DECODER/fifo_wr                                                                                                                         |                                                                                                                                                                                  |                1 |              8 |         8.00 |
|  Clk_IBUF_BUFG                                                  |                                                                                                                                                                                                                | audio_control_i/axi_gpio_0/U0/gpio_core_1/Read_Reg_Rst__0                                                                                                                        |                1 |              8 |         8.00 |
|  audio_control_i/mdm_1/U0/No_Dbg_Reg_Access.BUFG_DRCK/Dbg_Clk_0 | audio_control_i/microblaze_0/U0/MicroBlaze_Core_I/Area.Core/Implement_Debug_Logic.Master_Core.Debug_Area/Using_PC_Breakpoints.All_PC_Brks[0].Serial_Interface_1.address_hit_I/Compare[0].SRLC16E_I/which_pc__0 |                                                                                                                                                                                  |                7 |              8 |         1.14 |
|  Clk_IBUF_BUFG                                                  | audio_control_i/axi_uartlite_1/U0/AXI_LITE_IPIF_I/I_SLAVE_ATTACHMENT/I_DECODER/fifo_wr                                                                                                                         |                                                                                                                                                                                  |                1 |              8 |         8.00 |
|  audio_control_i/mdm_1/U0/Use_E2.BSCAN_I/Dbg_Update_0_BUFG      | audio_control_i/mdm_1/U0/MDM_Core_I1/JTAG_CONTROL_I/Use_BSCAN.FDC_I/command_10                                                                                                                                 |                                                                                                                                                                                  |                1 |              8 |         8.00 |
|  Clk_IBUF_BUFG                                                  | audio_control_i/axi_uartlite_1/U0/UARTLITE_CORE_I/UARTLITE_RX_I/SRL_FIFO_I/I_SRL_FIFO_RBU_F/DYNSHREG_F_I/fifo_wr                                                                                               |                                                                                                                                                                                  |                1 |              8 |         8.00 |
|  Clk_IBUF_BUFG                                                  | audio_control_i/axi_uartlite_1/U0/AXI_LITE_IPIF_I/I_SLAVE_ATTACHMENT/s_axi_rresp_i                                                                                                                             | audio_control_i/axi_uartlite_1/U0/AXI_LITE_IPIF_I/I_SLAVE_ATTACHMENT/rst                                                                                                         |                2 |              8 |         4.00 |
|  Clk_IBUF_BUFG                                                  | audio_control_i/axi_gpio_0/U0/AXI_LITE_IPIF_I/I_SLAVE_ATTACHMENT/I_DECODER/E[0]                                                                                                                                | audio_control_i/axi_gpio_0/U0/AXI_LITE_IPIF_I/I_SLAVE_ATTACHMENT/SR[0]                                                                                                           |                2 |              8 |         4.00 |
|  Clk_IBUF_BUFG                                                  | audio_control_i/axi_uartlite_0/U0/UARTLITE_CORE_I/UARTLITE_RX_I/SRL_FIFO_I/I_SRL_FIFO_RBU_F/DYNSHREG_F_I/fifo_wr                                                                                               |                                                                                                                                                                                  |                1 |              8 |         8.00 |
|  Clk_IBUF_BUFG                                                  | audio_control_i/microblaze_0_axi_intc/U0/AXI_LITE_IPIF_I/I_SLAVE_ATTACHMENT/bus2ip_addr_i[8]_i_1_n_0                                                                                                           | audio_control_i/microblaze_0_axi_intc/U0/AXI_LITE_IPIF_I/I_SLAVE_ATTACHMENT/rst                                                                                                  |                2 |              8 |         4.00 |
|  Clk_IBUF_BUFG                                                  | audio_control_i/axi_uartlite_0/U0/AXI_LITE_IPIF_I/I_SLAVE_ATTACHMENT/s_axi_rresp_i                                                                                                                             | audio_control_i/axi_uartlite_0/U0/AXI_LITE_IPIF_I/I_SLAVE_ATTACHMENT/rst                                                                                                         |                2 |              8 |         4.00 |
|  Clk_IBUF_BUFG                                                  | audio_control_i/microblaze_0/U0/MicroBlaze_Core_I/Area.Core/Decode_I/Using_FPGA.of_PipeRun_MuxCY_1/Using_FPGA.Native_0                                                                                         | audio_control_i/microblaze_0/U0/MicroBlaze_Core_I/Area.Core/Decode_I/Using_FPGA.of_PipeRun_MuxCY_1/SR[0]                                                                         |                4 |              9 |         2.25 |
|  Clk_IBUF_BUFG                                                  | audio_control_i/axi_gpio_0/U0/AXI_LITE_IPIF_I/I_SLAVE_ATTACHMENT/s_axi_rresp_i                                                                                                                                 | audio_control_i/axi_gpio_0/U0/AXI_LITE_IPIF_I/I_SLAVE_ATTACHMENT/SR[0]                                                                                                           |                2 |              9 |         4.50 |
|  Clk_IBUF_BUFG                                                  |                                                                                                                                                                                                                | audio_control_i/axi_uartlite_0/U0/AXI_LITE_IPIF_I/I_SLAVE_ATTACHMENT/rst                                                                                                         |                4 |             10 |         2.50 |
|  Clk_IBUF_BUFG                                                  |                                                                                                                                                                                                                | audio_control_i/axi_uartlite_1/U0/AXI_LITE_IPIF_I/I_SLAVE_ATTACHMENT/rst                                                                                                         |                4 |             10 |         2.50 |
|  audio_control_i/mdm_1/U0/No_Dbg_Reg_Access.BUFG_DRCK/Dbg_Clk_0 | audio_control_i/mdm_1/U0/MDM_Core_I1/JTAG_CONTROL_I/Use_BSCAN.FDC_I/Use_Serial_Unified_Completion.completion_block_reg                                                                                         |                                                                                                                                                                                  |                4 |             10 |         2.50 |
|  Clk_IBUF_BUFG                                                  |                                                                                                                                                                                                                | audio_control_i/microblaze_0_axi_intc/U0/AXI_LITE_IPIF_I/I_SLAVE_ATTACHMENT/rst                                                                                                  |                4 |             11 |         2.75 |
|  audio_clk_i/inst/clk_audio                                     |                                                                                                                                                                                                                | Speaker_Driver/sample_cnt[0]_i_1_n_0                                                                                                                                             |                4 |             13 |         3.25 |
|  Clk_IBUF_BUFG                                                  |                                                                                                                                                                                                                | audio_control_i/microblaze_0_axi_periph/xbar/inst/gen_sasd.crossbar_sasd_0/addr_arbiter_inst/SR[0]                                                                               |                6 |             13 |         2.17 |
|  Clk_IBUF_BUFG                                                  | audio_control_i/microblaze_0/U0/MicroBlaze_Core_I/Area.Core/Decode_I/PreFetch_Buffer_I/of_valid_FDR_I/E[0]                                                                                                     | audio_control_i/microblaze_0/U0/MicroBlaze_Core_I/sync_reset                                                                                                                     |                6 |             16 |         2.67 |
|  audio_clk_i/inst/clk_audio                                     | Speaker_Driver/sample_a                                                                                                                                                                                        | Speaker_Driver/enable_i_1_n_0                                                                                                                                                    |                4 |             16 |         4.00 |
|  audio_clk_i/inst/clk_audio                                     | mem/aud_data[15]_i_1_n_0                                                                                                                                                                                       | hex_segB_OBUF[0]                                                                                                                                                                 |               10 |             16 |         1.60 |
|  audio_clk_i/inst/clk_audio                                     | mem/E[0]                                                                                                                                                                                                       | Speaker_Driver/enable_i_1_n_0                                                                                                                                                    |                5 |             16 |         3.20 |
|  Clk_IBUF_BUFG                                                  |                                                                                                                                                                                                                | hex_segB_OBUF[0]                                                                                                                                                                 |                5 |             17 |         3.40 |
|  Clk_IBUF_BUFG                                                  |                                                                                                                                                                                                                | audio_control_i/microblaze_0/U0/MicroBlaze_Core_I/Area.Core/Decode_I/ex_not_mul_op                                                                                               |                4 |             17 |         4.25 |
|  Clk_IBUF_BUFG                                                  | audio_control_i/microblaze_0_axi_intc/U0/AXI_LITE_IPIF_I/I_SLAVE_ATTACHMENT/start2                                                                                                                             | audio_control_i/microblaze_0_axi_intc/U0/AXI_LITE_IPIF_I/I_SLAVE_ATTACHMENT/I_DECODER/cs_ce_clr                                                                                  |                3 |             19 |         6.33 |
|  Clk_IBUF_BUFG                                                  | audio_control_i/microblaze_0_axi_periph/xbar/inst/gen_sasd.crossbar_sasd_0/addr_arbiter_inst/p_0_in1_in                                                                                                        | audio_control_i/microblaze_0_axi_periph/xbar/inst/gen_sasd.crossbar_sasd_0/addr_arbiter_inst/SR[0]                                                                               |                4 |             23 |         5.75 |
|  audio_control_i/mdm_1/U0/No_Dbg_Reg_Access.BUFG_DRCK/Dbg_Clk_0 |                                                                                                                                                                                                                | audio_control_i/mdm_1/U0/Use_E2.BSCAN_I/Use_E2.BSCANE2_I_4                                                                                                                       |                5 |             23 |         4.60 |
|  Clk_IBUF_BUFG                                                  |                                                                                                                                                                                                                | audio_control_i/axi_gpio_0/U0/AXI_LITE_IPIF_I/I_SLAVE_ATTACHMENT/SR[0]                                                                                                           |                8 |             24 |         3.00 |
|  Clk_IBUF_BUFG                                                  |                                                                                                                                                                                                                | audio_control_i/axi_uartlite_0/U0/UARTLITE_CORE_I/UARTLITE_RX_I/s_axi_aresetn_0                                                                                                  |               10 |             27 |         2.70 |
|  Clk_IBUF_BUFG                                                  |                                                                                                                                                                                                                | audio_control_i/axi_uartlite_1/U0/UARTLITE_CORE_I/UARTLITE_RX_I/s_axi_aresetn_0                                                                                                  |               10 |             27 |         2.70 |
|  Clk_IBUF_BUFG                                                  | audio_control_i/axi_uartlite_1/U0/UARTLITE_CORE_I/BAUD_RATE_I/en_16x_Baud                                                                                                                                      | audio_control_i/axi_uartlite_1/U0/UARTLITE_CORE_I/UARTLITE_RX_I/s_axi_aresetn_0                                                                                                  |                6 |             28 |         4.67 |
|  Clk_IBUF_BUFG                                                  | audio_control_i/axi_uartlite_0/U0/UARTLITE_CORE_I/BAUD_RATE_I/en_16x_Baud                                                                                                                                      | audio_control_i/axi_uartlite_0/U0/UARTLITE_CORE_I/UARTLITE_RX_I/s_axi_aresetn_0                                                                                                  |                7 |             28 |         4.00 |
|  Clk_IBUF_BUFG                                                  |                                                                                                                                                                                                                | audio_control_i/microblaze_0_axi_intc/U0/INTC_CORE_I/SR[0]                                                                                                                       |                8 |             28 |         3.50 |
|  Clk_IBUF_BUFG                                                  | audio_control_i/microblaze_0/U0/MicroBlaze_Core_I/Area.Core/Implement_Debug_Logic.Master_Core.Debug_Area/Area_Debug_Control.Stop_Instr_Fetch_FDRSE/E[0]                                                        | audio_control_i/microblaze_0/U0/MicroBlaze_Core_I/sync_reset                                                                                                                     |               11 |             32 |         2.91 |
|  Clk_IBUF_BUFG                                                  | audio_control_i/microblaze_0_axi_periph/xbar/inst/gen_sasd.crossbar_sasd_0/reg_slice_r/s_axi_rvalid[0]                                                                                                         | audio_control_i/microblaze_0/U0/MicroBlaze_Core_I/sync_reset                                                                                                                     |               12 |             32 |         2.67 |
|  Clk_IBUF_BUFG                                                  | audio_control_i/microblaze_0_axi_intc/U0/AXI_LITE_IPIF_I/I_SLAVE_ATTACHMENT/s_axi_rresp_i                                                                                                                      | audio_control_i/microblaze_0_axi_intc/U0/AXI_LITE_IPIF_I/I_SLAVE_ATTACHMENT/rst                                                                                                  |                6 |             32 |         5.33 |
|  Clk_IBUF_BUFG                                                  | audio_control_i/microblaze_0/U0/MicroBlaze_Core_I/Area.Core/Decode_I/Using_FPGA.MUXCY_JUMP_CARRY3/PC_Write                                                                                                     | audio_control_i/microblaze_0/U0/MicroBlaze_Core_I/sync_reset                                                                                                                     |               11 |             32 |         2.91 |
|  Clk_IBUF_BUFG                                                  | audio_control_i/microblaze_0/U0/MicroBlaze_Core_I/Area.Core/Decode_I/Using_FPGA.of_PipeRun_MuxCY_1/Using_FPGA.Native_0                                                                                         |                                                                                                                                                                                  |               19 |             32 |         1.68 |
|  audio_control_i/mdm_1/U0/No_Dbg_Reg_Access.BUFG_DRCK/Dbg_Clk_0 | audio_control_i/microblaze_0/U0/MicroBlaze_Core_I/Area.Core/Implement_Debug_Logic.Master_Core.Debug_Area/Serial_Dbg_Intf.New_Dbg_Instr_TCK                                                                     |                                                                                                                                                                                  |               10 |             32 |         3.20 |
|  Clk_IBUF_BUFG                                                  |                                                                                                                                                                                                                | audio_control_i/microblaze_0/U0/MicroBlaze_Core_I/Area.Core/Implement_Debug_Logic.Master_Core.Debug_Area/Area_Debug_Control.Dbg_Inhibit_EX_FDRSE/SR[0]                           |               15 |             33 |         2.20 |
|  audio_clk_i/inst/clk_audio                                     | mem/Double_Jump/address[16]_i_2__3_n_0                                                                                                                                                                         | mem/Double_Jump/clip_rst[5]                                                                                                                                                      |               10 |             33 |         3.30 |
|  audio_clk_i/inst/clk_audio                                     | mem/Grab/address[16]_i_2_n_0                                                                                                                                                                                   | mem/Grab/clip_rst[6]                                                                                                                                                             |               11 |             33 |         3.00 |
|  audio_clk_i/inst/clk_audio                                     | mem/Dig/address[16]_i_2__2_n_0                                                                                                                                                                                 | mem/Dig/clip_rst[7]                                                                                                                                                              |               11 |             33 |         3.00 |
|  Clk_IBUF_BUFG                                                  | audio_control_i/microblaze_0_axi_periph/xbar/inst/gen_sasd.crossbar_sasd_0/addr_arbiter_inst/E[0]                                                                                                              |                                                                                                                                                                                  |                9 |             33 |         3.67 |
|  audio_clk_i/inst/clk_audio                                     | mem/Grass/address[16]_i_2__1_n_0                                                                                                                                                                               | mem/Grass/clip_rst[2]                                                                                                                                                            |                8 |             33 |         4.12 |
|  audio_clk_i/inst/clk_audio                                     | mem/Run/address[16]_i_2__4_n_0                                                                                                                                                                                 | mem/Run/clip_rst[3]                                                                                                                                                              |                9 |             33 |         3.67 |
|  audio_clk_i/inst/clk_audio                                     | mem/Jump/address[16]_i_2__0_n_0                                                                                                                                                                                | mem/Jump/clip_rst[4]                                                                                                                                                             |                9 |             33 |         3.67 |
|  audio_clk_i/inst/clk_audio                                     | mem/Player_killed/address[16]_i_2__5_n_0                                                                                                                                                                       | mem/Player_killed/clip_rst[1]                                                                                                                                                    |                9 |             33 |         3.67 |
|  audio_clk_i/inst/clk_audio                                     | mem/Player_Hit/valid                                                                                                                                                                                           | mem/Player_Hit/clip_rst[0]                                                                                                                                                       |               10 |             33 |         3.30 |
|  audio_clk_i/inst/clk_audio                                     |                                                                                                                                                                                                                |                                                                                                                                                                                  |               17 |             34 |         2.00 |
|  Clk_IBUF_BUFG                                                  | audio_control_i/microblaze_0/U0/MicroBlaze_Core_I/Area.Core/Decode_I/Using_FPGA.of_PipeRun_MuxCY_1/Using_FPGA.Native_4                                                                                         | audio_control_i/microblaze_0/U0/MicroBlaze_Core_I/sync_reset                                                                                                                     |               13 |             35 |         2.69 |
|  audio_clk_i/inst/clk_audio                                     |                                                                                                                                                                                                                | Speaker_Driver/enable_i_1_n_0                                                                                                                                                    |               11 |             41 |         3.73 |
|  audio_control_i/mdm_1/U0/No_Dbg_Reg_Access.BUFG_DRCK/Dbg_Clk_0 | audio_control_i/mdm_1/U0/Use_E2.BSCAN_I/Use_E2.BSCANE2_I_0                                                                                                                                                     |                                                                                                                                                                                  |               11 |             47 |         4.27 |
|  Clk_IBUF_BUFG                                                  | audio_control_i/microblaze_0/U0/MicroBlaze_Core_I/Area.Core/Using_Ext_Databus.DAXI_Interface_I1/M_AXI_DP_AWADDR0                                                                                               | audio_control_i/microblaze_0/U0/MicroBlaze_Core_I/sync_reset                                                                                                                     |               20 |             55 |         2.75 |
|  Clk_IBUF_BUFG                                                  |                                                                                                                                                                                                                | audio_control_i/microblaze_0/U0/MicroBlaze_Core_I/Area.Core/Decode_I/in0                                                                                                         |               27 |             63 |         2.33 |
|  Clk_IBUF_BUFG                                                  | audio_control_i/microblaze_0_axi_intc/U0/AXI_LITE_IPIF_I/I_SLAVE_ATTACHMENT/I_DECODER/bus2ip_wrce[0]                                                                                                           |                                                                                                                                                                                  |                8 |             64 |         8.00 |
|  Clk_IBUF_BUFG                                                  | audio_control_i/microblaze_0/U0/MicroBlaze_Core_I/Area.Core/Decode_I/Using_FPGA.clean_iReady_MuxCY/IReady                                                                                                      |                                                                                                                                                                                  |               16 |             64 |         4.00 |
|  Clk_IBUF_BUFG                                                  |                                                                                                                                                                                                                | audio_control_i/microblaze_0/U0/MicroBlaze_Core_I/sync_reset                                                                                                                     |               26 |             80 |         3.08 |
|  audio_control_i/mdm_1/U0/No_Dbg_Reg_Access.BUFG_DRCK/Dbg_Clk_0 |                                                                                                                                                                                                                |                                                                                                                                                                                  |               28 |             81 |         2.89 |
|  Clk_IBUF_BUFG                                                  | audio_control_i/microblaze_0/U0/MicroBlaze_Core_I/Area.Core/Decode_I/Using_FPGA.of_PipeRun_MuxCY_1/Using_FPGA.Native_0                                                                                         | audio_control_i/microblaze_0/U0/MicroBlaze_Core_I/sync_reset                                                                                                                     |               31 |             94 |         3.03 |
|  Clk_IBUF_BUFG                                                  | audio_control_i/microblaze_0/U0/MicroBlaze_Core_I/Area.Core/Decode_I/Reg_Write                                                                                                                                 |                                                                                                                                                                                  |               32 |            128 |         4.00 |
|  Clk_IBUF_BUFG                                                  |                                                                                                                                                                                                                |                                                                                                                                                                                  |               91 |            296 |         3.25 |
+-----------------------------------------------------------------+----------------------------------------------------------------------------------------------------------------------------------------------------------------------------------------------------------------+----------------------------------------------------------------------------------------------------------------------------------------------------------------------------------+------------------+----------------+--------------+


