Copyright 1986-2022 Xilinx, Inc. All Rights Reserved.
------------------------------------------------------------------------------------------------------------------------------
| Tool Version : Vivado v.2022.2 (win64) Build 3671981 Fri Oct 14 05:00:03 MDT 2022
| Date         : Wed May 13 21:35:16 2026
| Host         : QuanYuan running 64-bit major release  (build 9200)
| Command      : report_drc -file mb_final_top_drc_routed.rpt -pb mb_final_top_drc_routed.pb -rpx mb_final_top_drc_routed.rpx
| Design       : mb_final_top
| Device       : xc7s50csga324-1
| Speed File   : -1
| Design State : Fully Routed
------------------------------------------------------------------------------------------------------------------------------

Report DRC

Table of Contents
-----------------
1. REPORT SUMMARY
2. REPORT DETAILS

1. REPORT SUMMARY
-----------------
            Netlist: netlist
          Floorplan: design_1
      Design limits: <entire design considered>
           Ruledeck: default
             Max violations: <unlimited>
             Violations found: 49
+-----------+----------+-----------------------------------------------------+------------+
| Rule      | Severity | Description                                         | Violations |
+-----------+----------+-----------------------------------------------------+------------+
| CFGBVS-1  | Warning  | Missing CFGBVS and CONFIG_VOLTAGE Design Properties | 1          |
| CHECK-3   | Warning  | Report rule limit reached                           | 2          |
| PDRC-153  | Warning  | Gated clock check                                   | 6          |
| REQP-1839 | Warning  | RAMB36 async control check                          | 20         |
| REQP-1840 | Warning  | RAMB18 async control check                          | 20         |
+-----------+----------+-----------------------------------------------------+------------+

2. REPORT DETAILS
-----------------
CFGBVS-1#1 Warning
Missing CFGBVS and CONFIG_VOLTAGE Design Properties  
Neither the CFGBVS nor CONFIG_VOLTAGE voltage property is set in the current_design.  Configuration bank voltage select (CFGBVS) must be set to VCCO or GND, and CONFIG_VOLTAGE must be set to the correct configuration voltage, in order to determine the I/O voltage support for the pins in bank 0.  It is suggested to specify these either using the 'Edit Device Properties' function in the GUI or directly in the XDC file using the following syntax:

 set_property CFGBVS value1 [current_design]
 #where value1 is either VCCO or GND

 set_property CONFIG_VOLTAGE value2 [current_design]
 #where value2 is the voltage provided to configuration bank 0

Refer to the device configuration user guide for more information.
Related violations: <none>

CHECK-3#1 Warning
Report rule limit reached  
REQP-1839 rule limit reached: 20 violations have been found.
Related violations: <none>

CHECK-3#2 Warning
Report rule limit reached  
REQP-1840 rule limit reached: 20 violations have been found.
Related violations: <none>

PDRC-153#1 Warning
Gated clock check  
Net mb_block/hdmi_text_controller_0/inst/hdmi_text_controller_v1_0_AXI_inst/palette_regs_reg[1][31]_i_1_n_0 is a gated clock net sourced by a combinational pin mb_block/hdmi_text_controller_0/inst/hdmi_text_controller_v1_0_AXI_inst/palette_regs_reg[1][31]_i_1/O, cell mb_block/hdmi_text_controller_0/inst/hdmi_text_controller_v1_0_AXI_inst/palette_regs_reg[1][31]_i_1. This is not good design practice and will likely impact performance. For SLICE registers, for example, use the CE pin to control the loading of data.
Related violations: <none>

PDRC-153#2 Warning
Gated clock check  
Net mb_block/hdmi_text_controller_0/inst/hdmi_text_controller_v1_0_AXI_inst/palette_regs_reg[2][31]_i_1_n_0 is a gated clock net sourced by a combinational pin mb_block/hdmi_text_controller_0/inst/hdmi_text_controller_v1_0_AXI_inst/palette_regs_reg[2][31]_i_1/O, cell mb_block/hdmi_text_controller_0/inst/hdmi_text_controller_v1_0_AXI_inst/palette_regs_reg[2][31]_i_1. This is not good design practice and will likely impact performance. For SLICE registers, for example, use the CE pin to control the loading of data.
Related violations: <none>

PDRC-153#3 Warning
Gated clock check  
Net mb_block/hdmi_text_controller_0/inst/hdmi_text_controller_v1_0_AXI_inst/palette_regs_reg[3][31]_i_1_n_0 is a gated clock net sourced by a combinational pin mb_block/hdmi_text_controller_0/inst/hdmi_text_controller_v1_0_AXI_inst/palette_regs_reg[3][31]_i_1/O, cell mb_block/hdmi_text_controller_0/inst/hdmi_text_controller_v1_0_AXI_inst/palette_regs_reg[3][31]_i_1. This is not good design practice and will likely impact performance. For SLICE registers, for example, use the CE pin to control the loading of data.
Related violations: <none>

PDRC-153#4 Warning
Gated clock check  
Net mb_block/hdmi_text_controller_0/inst/hdmi_text_controller_v1_0_AXI_inst/palette_regs_reg[4][31]_i_1_n_0 is a gated clock net sourced by a combinational pin mb_block/hdmi_text_controller_0/inst/hdmi_text_controller_v1_0_AXI_inst/palette_regs_reg[4][31]_i_1/O, cell mb_block/hdmi_text_controller_0/inst/hdmi_text_controller_v1_0_AXI_inst/palette_regs_reg[4][31]_i_1. This is not good design practice and will likely impact performance. For SLICE registers, for example, use the CE pin to control the loading of data.
Related violations: <none>

PDRC-153#5 Warning
Gated clock check  
Net mb_block/hdmi_text_controller_0/inst/hdmi_text_controller_v1_0_AXI_inst/palette_regs_reg[5][31]_i_1_n_0 is a gated clock net sourced by a combinational pin mb_block/hdmi_text_controller_0/inst/hdmi_text_controller_v1_0_AXI_inst/palette_regs_reg[5][31]_i_1/O, cell mb_block/hdmi_text_controller_0/inst/hdmi_text_controller_v1_0_AXI_inst/palette_regs_reg[5][31]_i_1. This is not good design practice and will likely impact performance. For SLICE registers, for example, use the CE pin to control the loading of data.
Related violations: <none>

PDRC-153#6 Warning
Gated clock check  
Net mb_block/hdmi_text_controller_0/inst/hdmi_text_controller_v1_0_AXI_inst/palette_regs_reg[6][31]_i_1_n_0 is a gated clock net sourced by a combinational pin mb_block/hdmi_text_controller_0/inst/hdmi_text_controller_v1_0_AXI_inst/palette_regs_reg[6][31]_i_1/O, cell mb_block/hdmi_text_controller_0/inst/hdmi_text_controller_v1_0_AXI_inst/palette_regs_reg[6][31]_i_1. This is not good design practice and will likely impact performance. For SLICE registers, for example, use the CE pin to control the loading of data.
Related violations: <none>

REQP-1839#1 Warning
RAMB36 async control check  
The RAMB36E1 mb_block/hdmi_text_controller_0/inst/color_map/axe_sprite_rom_inst/pixel_q_reg_0 has an input control pin mb_block/hdmi_text_controller_0/inst/color_map/axe_sprite_rom_inst/pixel_q_reg_0/ADDRARDADDR[12] (net: mb_block/hdmi_text_controller_0/inst/color_map/axe_sprite_rom_inst/axe_pixel_addr[9]) which is driven by a register (mb_block/hdmi_text_controller_0/inst/color_map/facing_left_reg) that has an active asychronous set or reset. This may cause corruption of the memory contents and/or read values when the set/reset is asserted and is not analyzed by the default static timing analysis. It is suggested to eliminate the use of a set/reset to registers driving this RAMB pin or else use a synchronous reset in which the assertion of the reset is timed by default.
Related violations: <none>

REQP-1839#2 Warning
RAMB36 async control check  
The RAMB36E1 mb_block/hdmi_text_controller_0/inst/color_map/axe_sprite_rom_inst/pixel_q_reg_0 has an input control pin mb_block/hdmi_text_controller_0/inst/color_map/axe_sprite_rom_inst/pixel_q_reg_0/ADDRARDADDR[12] (net: mb_block/hdmi_text_controller_0/inst/color_map/axe_sprite_rom_inst/axe_pixel_addr[9]) which is driven by a register (mb_block/hdmi_text_controller_0/inst/color_map/pickaxe_active_reg) that has an active asychronous set or reset. This may cause corruption of the memory contents and/or read values when the set/reset is asserted and is not analyzed by the default static timing analysis. It is suggested to eliminate the use of a set/reset to registers driving this RAMB pin or else use a synchronous reset in which the assertion of the reset is timed by default.
Related violations: <none>

REQP-1839#3 Warning
RAMB36 async control check  
The RAMB36E1 mb_block/hdmi_text_controller_0/inst/color_map/axe_sprite_rom_inst/pixel_q_reg_0 has an input control pin mb_block/hdmi_text_controller_0/inst/color_map/axe_sprite_rom_inst/pixel_q_reg_0/ADDRARDADDR[12] (net: mb_block/hdmi_text_controller_0/inst/color_map/axe_sprite_rom_inst/axe_pixel_addr[9]) which is driven by a register (mb_block/hdmi_text_controller_0/inst/color_map/player_x_reg[0]) that has an active asychronous set or reset. This may cause corruption of the memory contents and/or read values when the set/reset is asserted and is not analyzed by the default static timing analysis. It is suggested to eliminate the use of a set/reset to registers driving this RAMB pin or else use a synchronous reset in which the assertion of the reset is timed by default.
Related violations: <none>

REQP-1839#4 Warning
RAMB36 async control check  
The RAMB36E1 mb_block/hdmi_text_controller_0/inst/color_map/axe_sprite_rom_inst/pixel_q_reg_0 has an input control pin mb_block/hdmi_text_controller_0/inst/color_map/axe_sprite_rom_inst/pixel_q_reg_0/ADDRARDADDR[12] (net: mb_block/hdmi_text_controller_0/inst/color_map/axe_sprite_rom_inst/axe_pixel_addr[9]) which is driven by a register (mb_block/hdmi_text_controller_0/inst/color_map/player_x_reg[1]) that has an active asychronous set or reset. This may cause corruption of the memory contents and/or read values when the set/reset is asserted and is not analyzed by the default static timing analysis. It is suggested to eliminate the use of a set/reset to registers driving this RAMB pin or else use a synchronous reset in which the assertion of the reset is timed by default.
Related violations: <none>

REQP-1839#5 Warning
RAMB36 async control check  
The RAMB36E1 mb_block/hdmi_text_controller_0/inst/color_map/axe_sprite_rom_inst/pixel_q_reg_0 has an input control pin mb_block/hdmi_text_controller_0/inst/color_map/axe_sprite_rom_inst/pixel_q_reg_0/ADDRARDADDR[12] (net: mb_block/hdmi_text_controller_0/inst/color_map/axe_sprite_rom_inst/axe_pixel_addr[9]) which is driven by a register (mb_block/hdmi_text_controller_0/inst/color_map/player_x_reg[2]) that has an active asychronous set or reset. This may cause corruption of the memory contents and/or read values when the set/reset is asserted and is not analyzed by the default static timing analysis. It is suggested to eliminate the use of a set/reset to registers driving this RAMB pin or else use a synchronous reset in which the assertion of the reset is timed by default.
Related violations: <none>

REQP-1839#6 Warning
RAMB36 async control check  
The RAMB36E1 mb_block/hdmi_text_controller_0/inst/color_map/axe_sprite_rom_inst/pixel_q_reg_0 has an input control pin mb_block/hdmi_text_controller_0/inst/color_map/axe_sprite_rom_inst/pixel_q_reg_0/ADDRARDADDR[12] (net: mb_block/hdmi_text_controller_0/inst/color_map/axe_sprite_rom_inst/axe_pixel_addr[9]) which is driven by a register (mb_block/hdmi_text_controller_0/inst/color_map/player_x_reg[3]) that has an active asychronous set or reset. This may cause corruption of the memory contents and/or read values when the set/reset is asserted and is not analyzed by the default static timing analysis. It is suggested to eliminate the use of a set/reset to registers driving this RAMB pin or else use a synchronous reset in which the assertion of the reset is timed by default.
Related violations: <none>

REQP-1839#7 Warning
RAMB36 async control check  
The RAMB36E1 mb_block/hdmi_text_controller_0/inst/color_map/axe_sprite_rom_inst/pixel_q_reg_0 has an input control pin mb_block/hdmi_text_controller_0/inst/color_map/axe_sprite_rom_inst/pixel_q_reg_0/ADDRARDADDR[12] (net: mb_block/hdmi_text_controller_0/inst/color_map/axe_sprite_rom_inst/axe_pixel_addr[9]) which is driven by a register (mb_block/hdmi_text_controller_0/inst/color_map/player_x_reg[5]) that has an active asychronous set or reset. This may cause corruption of the memory contents and/or read values when the set/reset is asserted and is not analyzed by the default static timing analysis. It is suggested to eliminate the use of a set/reset to registers driving this RAMB pin or else use a synchronous reset in which the assertion of the reset is timed by default.
Related violations: <none>

REQP-1839#8 Warning
RAMB36 async control check  
The RAMB36E1 mb_block/hdmi_text_controller_0/inst/color_map/axe_sprite_rom_inst/pixel_q_reg_0 has an input control pin mb_block/hdmi_text_controller_0/inst/color_map/axe_sprite_rom_inst/pixel_q_reg_0/ADDRARDADDR[12] (net: mb_block/hdmi_text_controller_0/inst/color_map/axe_sprite_rom_inst/axe_pixel_addr[9]) which is driven by a register (mb_block/hdmi_text_controller_0/inst/color_map/player_x_reg[7]) that has an active asychronous set or reset. This may cause corruption of the memory contents and/or read values when the set/reset is asserted and is not analyzed by the default static timing analysis. It is suggested to eliminate the use of a set/reset to registers driving this RAMB pin or else use a synchronous reset in which the assertion of the reset is timed by default.
Related violations: <none>

REQP-1839#9 Warning
RAMB36 async control check  
The RAMB36E1 mb_block/hdmi_text_controller_0/inst/color_map/axe_sprite_rom_inst/pixel_q_reg_0 has an input control pin mb_block/hdmi_text_controller_0/inst/color_map/axe_sprite_rom_inst/pixel_q_reg_0/ADDRARDADDR[12] (net: mb_block/hdmi_text_controller_0/inst/color_map/axe_sprite_rom_inst/axe_pixel_addr[9]) which is driven by a register (mb_block/hdmi_text_controller_0/inst/color_map/player_y_reg[0]) that has an active asychronous set or reset. This may cause corruption of the memory contents and/or read values when the set/reset is asserted and is not analyzed by the default static timing analysis. It is suggested to eliminate the use of a set/reset to registers driving this RAMB pin or else use a synchronous reset in which the assertion of the reset is timed by default.
Related violations: <none>

REQP-1839#10 Warning
RAMB36 async control check  
The RAMB36E1 mb_block/hdmi_text_controller_0/inst/color_map/axe_sprite_rom_inst/pixel_q_reg_0 has an input control pin mb_block/hdmi_text_controller_0/inst/color_map/axe_sprite_rom_inst/pixel_q_reg_0/ADDRARDADDR[12] (net: mb_block/hdmi_text_controller_0/inst/color_map/axe_sprite_rom_inst/axe_pixel_addr[9]) which is driven by a register (mb_block/hdmi_text_controller_0/inst/color_map/player_y_reg[1]) that has an active asychronous set or reset. This may cause corruption of the memory contents and/or read values when the set/reset is asserted and is not analyzed by the default static timing analysis. It is suggested to eliminate the use of a set/reset to registers driving this RAMB pin or else use a synchronous reset in which the assertion of the reset is timed by default.
Related violations: <none>

REQP-1839#11 Warning
RAMB36 async control check  
The RAMB36E1 mb_block/hdmi_text_controller_0/inst/color_map/axe_sprite_rom_inst/pixel_q_reg_0 has an input control pin mb_block/hdmi_text_controller_0/inst/color_map/axe_sprite_rom_inst/pixel_q_reg_0/ADDRARDADDR[12] (net: mb_block/hdmi_text_controller_0/inst/color_map/axe_sprite_rom_inst/axe_pixel_addr[9]) which is driven by a register (mb_block/hdmi_text_controller_0/inst/color_map/player_y_reg[2]) that has an active asychronous set or reset. This may cause corruption of the memory contents and/or read values when the set/reset is asserted and is not analyzed by the default static timing analysis. It is suggested to eliminate the use of a set/reset to registers driving this RAMB pin or else use a synchronous reset in which the assertion of the reset is timed by default.
Related violations: <none>

REQP-1839#12 Warning
RAMB36 async control check  
The RAMB36E1 mb_block/hdmi_text_controller_0/inst/color_map/axe_sprite_rom_inst/pixel_q_reg_0 has an input control pin mb_block/hdmi_text_controller_0/inst/color_map/axe_sprite_rom_inst/pixel_q_reg_0/ADDRARDADDR[12] (net: mb_block/hdmi_text_controller_0/inst/color_map/axe_sprite_rom_inst/axe_pixel_addr[9]) which is driven by a register (mb_block/hdmi_text_controller_0/inst/color_map/player_y_reg[3]) that has an active asychronous set or reset. This may cause corruption of the memory contents and/or read values when the set/reset is asserted and is not analyzed by the default static timing analysis. It is suggested to eliminate the use of a set/reset to registers driving this RAMB pin or else use a synchronous reset in which the assertion of the reset is timed by default.
Related violations: <none>

REQP-1839#13 Warning
RAMB36 async control check  
The RAMB36E1 mb_block/hdmi_text_controller_0/inst/color_map/axe_sprite_rom_inst/pixel_q_reg_0 has an input control pin mb_block/hdmi_text_controller_0/inst/color_map/axe_sprite_rom_inst/pixel_q_reg_0/ADDRARDADDR[12] (net: mb_block/hdmi_text_controller_0/inst/color_map/axe_sprite_rom_inst/axe_pixel_addr[9]) which is driven by a register (mb_block/hdmi_text_controller_0/inst/color_map/player_y_reg[4]) that has an active asychronous set or reset. This may cause corruption of the memory contents and/or read values when the set/reset is asserted and is not analyzed by the default static timing analysis. It is suggested to eliminate the use of a set/reset to registers driving this RAMB pin or else use a synchronous reset in which the assertion of the reset is timed by default.
Related violations: <none>

REQP-1839#14 Warning
RAMB36 async control check  
The RAMB36E1 mb_block/hdmi_text_controller_0/inst/color_map/axe_sprite_rom_inst/pixel_q_reg_0 has an input control pin mb_block/hdmi_text_controller_0/inst/color_map/axe_sprite_rom_inst/pixel_q_reg_0/ADDRARDADDR[12] (net: mb_block/hdmi_text_controller_0/inst/color_map/axe_sprite_rom_inst/axe_pixel_addr[9]) which is driven by a register (mb_block/hdmi_text_controller_0/inst/color_map/player_y_reg[5]) that has an active asychronous set or reset. This may cause corruption of the memory contents and/or read values when the set/reset is asserted and is not analyzed by the default static timing analysis. It is suggested to eliminate the use of a set/reset to registers driving this RAMB pin or else use a synchronous reset in which the assertion of the reset is timed by default.
Related violations: <none>

REQP-1839#15 Warning
RAMB36 async control check  
The RAMB36E1 mb_block/hdmi_text_controller_0/inst/color_map/axe_sprite_rom_inst/pixel_q_reg_0 has an input control pin mb_block/hdmi_text_controller_0/inst/color_map/axe_sprite_rom_inst/pixel_q_reg_0/ADDRARDADDR[12] (net: mb_block/hdmi_text_controller_0/inst/color_map/axe_sprite_rom_inst/axe_pixel_addr[9]) which is driven by a register (mb_block/hdmi_text_controller_0/inst/color_map/player_y_reg[6]) that has an active asychronous set or reset. This may cause corruption of the memory contents and/or read values when the set/reset is asserted and is not analyzed by the default static timing analysis. It is suggested to eliminate the use of a set/reset to registers driving this RAMB pin or else use a synchronous reset in which the assertion of the reset is timed by default.
Related violations: <none>

REQP-1839#16 Warning
RAMB36 async control check  
The RAMB36E1 mb_block/hdmi_text_controller_0/inst/color_map/axe_sprite_rom_inst/pixel_q_reg_0 has an input control pin mb_block/hdmi_text_controller_0/inst/color_map/axe_sprite_rom_inst/pixel_q_reg_0/ADDRARDADDR[12] (net: mb_block/hdmi_text_controller_0/inst/color_map/axe_sprite_rom_inst/axe_pixel_addr[9]) which is driven by a register (mb_block/hdmi_text_controller_0/inst/color_map/selected_slot_reg[0]) that has an active asychronous set or reset. This may cause corruption of the memory contents and/or read values when the set/reset is asserted and is not analyzed by the default static timing analysis. It is suggested to eliminate the use of a set/reset to registers driving this RAMB pin or else use a synchronous reset in which the assertion of the reset is timed by default.
Related violations: <none>

REQP-1839#17 Warning
RAMB36 async control check  
The RAMB36E1 mb_block/hdmi_text_controller_0/inst/color_map/axe_sprite_rom_inst/pixel_q_reg_0 has an input control pin mb_block/hdmi_text_controller_0/inst/color_map/axe_sprite_rom_inst/pixel_q_reg_0/ADDRARDADDR[12] (net: mb_block/hdmi_text_controller_0/inst/color_map/axe_sprite_rom_inst/axe_pixel_addr[9]) which is driven by a register (mb_block/hdmi_text_controller_0/inst/color_map/selected_slot_reg[1]) that has an active asychronous set or reset. This may cause corruption of the memory contents and/or read values when the set/reset is asserted and is not analyzed by the default static timing analysis. It is suggested to eliminate the use of a set/reset to registers driving this RAMB pin or else use a synchronous reset in which the assertion of the reset is timed by default.
Related violations: <none>

REQP-1839#18 Warning
RAMB36 async control check  
The RAMB36E1 mb_block/hdmi_text_controller_0/inst/color_map/axe_sprite_rom_inst/pixel_q_reg_0 has an input control pin mb_block/hdmi_text_controller_0/inst/color_map/axe_sprite_rom_inst/pixel_q_reg_0/ADDRARDADDR[12] (net: mb_block/hdmi_text_controller_0/inst/color_map/axe_sprite_rom_inst/axe_pixel_addr[9]) which is driven by a register (mb_block/hdmi_text_controller_0/inst/color_map/selected_slot_reg[2]) that has an active asychronous set or reset. This may cause corruption of the memory contents and/or read values when the set/reset is asserted and is not analyzed by the default static timing analysis. It is suggested to eliminate the use of a set/reset to registers driving this RAMB pin or else use a synchronous reset in which the assertion of the reset is timed by default.
Related violations: <none>

REQP-1839#19 Warning
RAMB36 async control check  
The RAMB36E1 mb_block/hdmi_text_controller_0/inst/color_map/axe_sprite_rom_inst/pixel_q_reg_0 has an input control pin mb_block/hdmi_text_controller_0/inst/color_map/axe_sprite_rom_inst/pixel_q_reg_0/ADDRARDADDR[13] (net: mb_block/hdmi_text_controller_0/inst/color_map/axe_sprite_rom_inst/pixel_q_reg_0_17[0]) which is driven by a register (mb_block/hdmi_text_controller_0/inst/color_map/pickaxe_frame_reg[0]) that has an active asychronous set or reset. This may cause corruption of the memory contents and/or read values when the set/reset is asserted and is not analyzed by the default static timing analysis. It is suggested to eliminate the use of a set/reset to registers driving this RAMB pin or else use a synchronous reset in which the assertion of the reset is timed by default.
Related violations: <none>

REQP-1839#20 Warning
RAMB36 async control check  
The RAMB36E1 mb_block/hdmi_text_controller_0/inst/color_map/axe_sprite_rom_inst/pixel_q_reg_0 has an input control pin mb_block/hdmi_text_controller_0/inst/color_map/axe_sprite_rom_inst/pixel_q_reg_0/ADDRARDADDR[14] (net: mb_block/hdmi_text_controller_0/inst/color_map/axe_sprite_rom_inst/pixel_q_reg_0_17[1]) which is driven by a register (mb_block/hdmi_text_controller_0/inst/color_map/pickaxe_frame_reg[1]) that has an active asychronous set or reset. This may cause corruption of the memory contents and/or read values when the set/reset is asserted and is not analyzed by the default static timing analysis. It is suggested to eliminate the use of a set/reset to registers driving this RAMB pin or else use a synchronous reset in which the assertion of the reset is timed by default.
Related violations: <none>

REQP-1840#1 Warning
RAMB18 async control check  
The RAMB18E1 mb_block/hdmi_text_controller_0/inst/color_map/axe_sprite_rom_inst/pixel_q_reg_1 has an input control pin mb_block/hdmi_text_controller_0/inst/color_map/axe_sprite_rom_inst/pixel_q_reg_1/ADDRARDADDR[11] (net: mb_block/hdmi_text_controller_0/inst/color_map/axe_sprite_rom_inst/axe_pixel_addr[9]) which is driven by a register (mb_block/hdmi_text_controller_0/inst/color_map/facing_left_reg) that has an active asychronous set or reset. This may cause corruption of the memory contents and/or read values when the set/reset is asserted and is not analyzed by the default static timing analysis. It is suggested to eliminate the use of a set/reset to registers driving this RAMB pin or else use a synchronous reset in which the assertion of the reset is timed by default.
Related violations: <none>

REQP-1840#2 Warning
RAMB18 async control check  
The RAMB18E1 mb_block/hdmi_text_controller_0/inst/color_map/axe_sprite_rom_inst/pixel_q_reg_1 has an input control pin mb_block/hdmi_text_controller_0/inst/color_map/axe_sprite_rom_inst/pixel_q_reg_1/ADDRARDADDR[11] (net: mb_block/hdmi_text_controller_0/inst/color_map/axe_sprite_rom_inst/axe_pixel_addr[9]) which is driven by a register (mb_block/hdmi_text_controller_0/inst/color_map/pickaxe_active_reg) that has an active asychronous set or reset. This may cause corruption of the memory contents and/or read values when the set/reset is asserted and is not analyzed by the default static timing analysis. It is suggested to eliminate the use of a set/reset to registers driving this RAMB pin or else use a synchronous reset in which the assertion of the reset is timed by default.
Related violations: <none>

REQP-1840#3 Warning
RAMB18 async control check  
The RAMB18E1 mb_block/hdmi_text_controller_0/inst/color_map/axe_sprite_rom_inst/pixel_q_reg_1 has an input control pin mb_block/hdmi_text_controller_0/inst/color_map/axe_sprite_rom_inst/pixel_q_reg_1/ADDRARDADDR[11] (net: mb_block/hdmi_text_controller_0/inst/color_map/axe_sprite_rom_inst/axe_pixel_addr[9]) which is driven by a register (mb_block/hdmi_text_controller_0/inst/color_map/player_x_reg[0]) that has an active asychronous set or reset. This may cause corruption of the memory contents and/or read values when the set/reset is asserted and is not analyzed by the default static timing analysis. It is suggested to eliminate the use of a set/reset to registers driving this RAMB pin or else use a synchronous reset in which the assertion of the reset is timed by default.
Related violations: <none>

REQP-1840#4 Warning
RAMB18 async control check  
The RAMB18E1 mb_block/hdmi_text_controller_0/inst/color_map/axe_sprite_rom_inst/pixel_q_reg_1 has an input control pin mb_block/hdmi_text_controller_0/inst/color_map/axe_sprite_rom_inst/pixel_q_reg_1/ADDRARDADDR[11] (net: mb_block/hdmi_text_controller_0/inst/color_map/axe_sprite_rom_inst/axe_pixel_addr[9]) which is driven by a register (mb_block/hdmi_text_controller_0/inst/color_map/player_x_reg[1]) that has an active asychronous set or reset. This may cause corruption of the memory contents and/or read values when the set/reset is asserted and is not analyzed by the default static timing analysis. It is suggested to eliminate the use of a set/reset to registers driving this RAMB pin or else use a synchronous reset in which the assertion of the reset is timed by default.
Related violations: <none>

REQP-1840#5 Warning
RAMB18 async control check  
The RAMB18E1 mb_block/hdmi_text_controller_0/inst/color_map/axe_sprite_rom_inst/pixel_q_reg_1 has an input control pin mb_block/hdmi_text_controller_0/inst/color_map/axe_sprite_rom_inst/pixel_q_reg_1/ADDRARDADDR[11] (net: mb_block/hdmi_text_controller_0/inst/color_map/axe_sprite_rom_inst/axe_pixel_addr[9]) which is driven by a register (mb_block/hdmi_text_controller_0/inst/color_map/player_x_reg[2]) that has an active asychronous set or reset. This may cause corruption of the memory contents and/or read values when the set/reset is asserted and is not analyzed by the default static timing analysis. It is suggested to eliminate the use of a set/reset to registers driving this RAMB pin or else use a synchronous reset in which the assertion of the reset is timed by default.
Related violations: <none>

REQP-1840#6 Warning
RAMB18 async control check  
The RAMB18E1 mb_block/hdmi_text_controller_0/inst/color_map/axe_sprite_rom_inst/pixel_q_reg_1 has an input control pin mb_block/hdmi_text_controller_0/inst/color_map/axe_sprite_rom_inst/pixel_q_reg_1/ADDRARDADDR[11] (net: mb_block/hdmi_text_controller_0/inst/color_map/axe_sprite_rom_inst/axe_pixel_addr[9]) which is driven by a register (mb_block/hdmi_text_controller_0/inst/color_map/player_x_reg[3]) that has an active asychronous set or reset. This may cause corruption of the memory contents and/or read values when the set/reset is asserted and is not analyzed by the default static timing analysis. It is suggested to eliminate the use of a set/reset to registers driving this RAMB pin or else use a synchronous reset in which the assertion of the reset is timed by default.
Related violations: <none>

REQP-1840#7 Warning
RAMB18 async control check  
The RAMB18E1 mb_block/hdmi_text_controller_0/inst/color_map/axe_sprite_rom_inst/pixel_q_reg_1 has an input control pin mb_block/hdmi_text_controller_0/inst/color_map/axe_sprite_rom_inst/pixel_q_reg_1/ADDRARDADDR[11] (net: mb_block/hdmi_text_controller_0/inst/color_map/axe_sprite_rom_inst/axe_pixel_addr[9]) which is driven by a register (mb_block/hdmi_text_controller_0/inst/color_map/player_x_reg[5]) that has an active asychronous set or reset. This may cause corruption of the memory contents and/or read values when the set/reset is asserted and is not analyzed by the default static timing analysis. It is suggested to eliminate the use of a set/reset to registers driving this RAMB pin or else use a synchronous reset in which the assertion of the reset is timed by default.
Related violations: <none>

REQP-1840#8 Warning
RAMB18 async control check  
The RAMB18E1 mb_block/hdmi_text_controller_0/inst/color_map/axe_sprite_rom_inst/pixel_q_reg_1 has an input control pin mb_block/hdmi_text_controller_0/inst/color_map/axe_sprite_rom_inst/pixel_q_reg_1/ADDRARDADDR[11] (net: mb_block/hdmi_text_controller_0/inst/color_map/axe_sprite_rom_inst/axe_pixel_addr[9]) which is driven by a register (mb_block/hdmi_text_controller_0/inst/color_map/player_x_reg[7]) that has an active asychronous set or reset. This may cause corruption of the memory contents and/or read values when the set/reset is asserted and is not analyzed by the default static timing analysis. It is suggested to eliminate the use of a set/reset to registers driving this RAMB pin or else use a synchronous reset in which the assertion of the reset is timed by default.
Related violations: <none>

REQP-1840#9 Warning
RAMB18 async control check  
The RAMB18E1 mb_block/hdmi_text_controller_0/inst/color_map/axe_sprite_rom_inst/pixel_q_reg_1 has an input control pin mb_block/hdmi_text_controller_0/inst/color_map/axe_sprite_rom_inst/pixel_q_reg_1/ADDRARDADDR[11] (net: mb_block/hdmi_text_controller_0/inst/color_map/axe_sprite_rom_inst/axe_pixel_addr[9]) which is driven by a register (mb_block/hdmi_text_controller_0/inst/color_map/player_y_reg[0]) that has an active asychronous set or reset. This may cause corruption of the memory contents and/or read values when the set/reset is asserted and is not analyzed by the default static timing analysis. It is suggested to eliminate the use of a set/reset to registers driving this RAMB pin or else use a synchronous reset in which the assertion of the reset is timed by default.
Related violations: <none>

REQP-1840#10 Warning
RAMB18 async control check  
The RAMB18E1 mb_block/hdmi_text_controller_0/inst/color_map/axe_sprite_rom_inst/pixel_q_reg_1 has an input control pin mb_block/hdmi_text_controller_0/inst/color_map/axe_sprite_rom_inst/pixel_q_reg_1/ADDRARDADDR[11] (net: mb_block/hdmi_text_controller_0/inst/color_map/axe_sprite_rom_inst/axe_pixel_addr[9]) which is driven by a register (mb_block/hdmi_text_controller_0/inst/color_map/player_y_reg[1]) that has an active asychronous set or reset. This may cause corruption of the memory contents and/or read values when the set/reset is asserted and is not analyzed by the default static timing analysis. It is suggested to eliminate the use of a set/reset to registers driving this RAMB pin or else use a synchronous reset in which the assertion of the reset is timed by default.
Related violations: <none>

REQP-1840#11 Warning
RAMB18 async control check  
The RAMB18E1 mb_block/hdmi_text_controller_0/inst/color_map/axe_sprite_rom_inst/pixel_q_reg_1 has an input control pin mb_block/hdmi_text_controller_0/inst/color_map/axe_sprite_rom_inst/pixel_q_reg_1/ADDRARDADDR[11] (net: mb_block/hdmi_text_controller_0/inst/color_map/axe_sprite_rom_inst/axe_pixel_addr[9]) which is driven by a register (mb_block/hdmi_text_controller_0/inst/color_map/player_y_reg[2]) that has an active asychronous set or reset. This may cause corruption of the memory contents and/or read values when the set/reset is asserted and is not analyzed by the default static timing analysis. It is suggested to eliminate the use of a set/reset to registers driving this RAMB pin or else use a synchronous reset in which the assertion of the reset is timed by default.
Related violations: <none>

REQP-1840#12 Warning
RAMB18 async control check  
The RAMB18E1 mb_block/hdmi_text_controller_0/inst/color_map/axe_sprite_rom_inst/pixel_q_reg_1 has an input control pin mb_block/hdmi_text_controller_0/inst/color_map/axe_sprite_rom_inst/pixel_q_reg_1/ADDRARDADDR[11] (net: mb_block/hdmi_text_controller_0/inst/color_map/axe_sprite_rom_inst/axe_pixel_addr[9]) which is driven by a register (mb_block/hdmi_text_controller_0/inst/color_map/player_y_reg[3]) that has an active asychronous set or reset. This may cause corruption of the memory contents and/or read values when the set/reset is asserted and is not analyzed by the default static timing analysis. It is suggested to eliminate the use of a set/reset to registers driving this RAMB pin or else use a synchronous reset in which the assertion of the reset is timed by default.
Related violations: <none>

REQP-1840#13 Warning
RAMB18 async control check  
The RAMB18E1 mb_block/hdmi_text_controller_0/inst/color_map/axe_sprite_rom_inst/pixel_q_reg_1 has an input control pin mb_block/hdmi_text_controller_0/inst/color_map/axe_sprite_rom_inst/pixel_q_reg_1/ADDRARDADDR[11] (net: mb_block/hdmi_text_controller_0/inst/color_map/axe_sprite_rom_inst/axe_pixel_addr[9]) which is driven by a register (mb_block/hdmi_text_controller_0/inst/color_map/player_y_reg[4]) that has an active asychronous set or reset. This may cause corruption of the memory contents and/or read values when the set/reset is asserted and is not analyzed by the default static timing analysis. It is suggested to eliminate the use of a set/reset to registers driving this RAMB pin or else use a synchronous reset in which the assertion of the reset is timed by default.
Related violations: <none>

REQP-1840#14 Warning
RAMB18 async control check  
The RAMB18E1 mb_block/hdmi_text_controller_0/inst/color_map/axe_sprite_rom_inst/pixel_q_reg_1 has an input control pin mb_block/hdmi_text_controller_0/inst/color_map/axe_sprite_rom_inst/pixel_q_reg_1/ADDRARDADDR[11] (net: mb_block/hdmi_text_controller_0/inst/color_map/axe_sprite_rom_inst/axe_pixel_addr[9]) which is driven by a register (mb_block/hdmi_text_controller_0/inst/color_map/player_y_reg[5]) that has an active asychronous set or reset. This may cause corruption of the memory contents and/or read values when the set/reset is asserted and is not analyzed by the default static timing analysis. It is suggested to eliminate the use of a set/reset to registers driving this RAMB pin or else use a synchronous reset in which the assertion of the reset is timed by default.
Related violations: <none>

REQP-1840#15 Warning
RAMB18 async control check  
The RAMB18E1 mb_block/hdmi_text_controller_0/inst/color_map/axe_sprite_rom_inst/pixel_q_reg_1 has an input control pin mb_block/hdmi_text_controller_0/inst/color_map/axe_sprite_rom_inst/pixel_q_reg_1/ADDRARDADDR[11] (net: mb_block/hdmi_text_controller_0/inst/color_map/axe_sprite_rom_inst/axe_pixel_addr[9]) which is driven by a register (mb_block/hdmi_text_controller_0/inst/color_map/player_y_reg[6]) that has an active asychronous set or reset. This may cause corruption of the memory contents and/or read values when the set/reset is asserted and is not analyzed by the default static timing analysis. It is suggested to eliminate the use of a set/reset to registers driving this RAMB pin or else use a synchronous reset in which the assertion of the reset is timed by default.
Related violations: <none>

REQP-1840#16 Warning
RAMB18 async control check  
The RAMB18E1 mb_block/hdmi_text_controller_0/inst/color_map/axe_sprite_rom_inst/pixel_q_reg_1 has an input control pin mb_block/hdmi_text_controller_0/inst/color_map/axe_sprite_rom_inst/pixel_q_reg_1/ADDRARDADDR[11] (net: mb_block/hdmi_text_controller_0/inst/color_map/axe_sprite_rom_inst/axe_pixel_addr[9]) which is driven by a register (mb_block/hdmi_text_controller_0/inst/color_map/selected_slot_reg[0]) that has an active asychronous set or reset. This may cause corruption of the memory contents and/or read values when the set/reset is asserted and is not analyzed by the default static timing analysis. It is suggested to eliminate the use of a set/reset to registers driving this RAMB pin or else use a synchronous reset in which the assertion of the reset is timed by default.
Related violations: <none>

REQP-1840#17 Warning
RAMB18 async control check  
The RAMB18E1 mb_block/hdmi_text_controller_0/inst/color_map/axe_sprite_rom_inst/pixel_q_reg_1 has an input control pin mb_block/hdmi_text_controller_0/inst/color_map/axe_sprite_rom_inst/pixel_q_reg_1/ADDRARDADDR[11] (net: mb_block/hdmi_text_controller_0/inst/color_map/axe_sprite_rom_inst/axe_pixel_addr[9]) which is driven by a register (mb_block/hdmi_text_controller_0/inst/color_map/selected_slot_reg[1]) that has an active asychronous set or reset. This may cause corruption of the memory contents and/or read values when the set/reset is asserted and is not analyzed by the default static timing analysis. It is suggested to eliminate the use of a set/reset to registers driving this RAMB pin or else use a synchronous reset in which the assertion of the reset is timed by default.
Related violations: <none>

REQP-1840#18 Warning
RAMB18 async control check  
The RAMB18E1 mb_block/hdmi_text_controller_0/inst/color_map/axe_sprite_rom_inst/pixel_q_reg_1 has an input control pin mb_block/hdmi_text_controller_0/inst/color_map/axe_sprite_rom_inst/pixel_q_reg_1/ADDRARDADDR[11] (net: mb_block/hdmi_text_controller_0/inst/color_map/axe_sprite_rom_inst/axe_pixel_addr[9]) which is driven by a register (mb_block/hdmi_text_controller_0/inst/color_map/selected_slot_reg[2]) that has an active asychronous set or reset. This may cause corruption of the memory contents and/or read values when the set/reset is asserted and is not analyzed by the default static timing analysis. It is suggested to eliminate the use of a set/reset to registers driving this RAMB pin or else use a synchronous reset in which the assertion of the reset is timed by default.
Related violations: <none>

REQP-1840#19 Warning
RAMB18 async control check  
The RAMB18E1 mb_block/hdmi_text_controller_0/inst/color_map/axe_sprite_rom_inst/pixel_q_reg_1 has an input control pin mb_block/hdmi_text_controller_0/inst/color_map/axe_sprite_rom_inst/pixel_q_reg_1/ADDRARDADDR[12] (net: mb_block/hdmi_text_controller_0/inst/color_map/axe_sprite_rom_inst/pixel_q_reg_0_17[0]) which is driven by a register (mb_block/hdmi_text_controller_0/inst/color_map/pickaxe_frame_reg[0]) that has an active asychronous set or reset. This may cause corruption of the memory contents and/or read values when the set/reset is asserted and is not analyzed by the default static timing analysis. It is suggested to eliminate the use of a set/reset to registers driving this RAMB pin or else use a synchronous reset in which the assertion of the reset is timed by default.
Related violations: <none>

REQP-1840#20 Warning
RAMB18 async control check  
The RAMB18E1 mb_block/hdmi_text_controller_0/inst/color_map/axe_sprite_rom_inst/pixel_q_reg_1 has an input control pin mb_block/hdmi_text_controller_0/inst/color_map/axe_sprite_rom_inst/pixel_q_reg_1/ADDRARDADDR[13] (net: mb_block/hdmi_text_controller_0/inst/color_map/axe_sprite_rom_inst/pixel_q_reg_0_17[1]) which is driven by a register (mb_block/hdmi_text_controller_0/inst/color_map/pickaxe_frame_reg[1]) that has an active asychronous set or reset. This may cause corruption of the memory contents and/or read values when the set/reset is asserted and is not analyzed by the default static timing analysis. It is suggested to eliminate the use of a set/reset to registers driving this RAMB pin or else use a synchronous reset in which the assertion of the reset is timed by default.
Related violations: <none>


