Copyright 1986-2022 Xilinx, Inc. All Rights Reserved.
------------------------------------------------------------------------------------------
| Tool Version : Vivado v.2022.2 (win64) Build 3671981 Fri Oct 14 05:00:03 MDT 2022
| Date         : Wed May 13 21:35:22 2026
| Host         : QuanYuan running 64-bit major release  (build 9200)
| Command      : report_clock_utilization -file mb_final_top_clock_utilization_routed.rpt
| Design       : mb_final_top
| Device       : 7s50-csga324
| Speed File   : -1  PRODUCTION 1.23 2018-06-13
| Design State : Routed
------------------------------------------------------------------------------------------

Clock Utilization Report

Table of Contents
-----------------
1. Clock Primitive Utilization
2. Global Clock Resources
3. Global Clock Source Details
4. Clock Regions: Key Resource Utilization
5. Clock Regions : Global Clock Summary
6. Device Cell Placement Summary for Global Clock g0
7. Device Cell Placement Summary for Global Clock g1
8. Device Cell Placement Summary for Global Clock g2
9. Device Cell Placement Summary for Global Clock g3
10. Device Cell Placement Summary for Global Clock g4
11. Device Cell Placement Summary for Global Clock g5
12. Device Cell Placement Summary for Global Clock g6
13. Device Cell Placement Summary for Global Clock g7
14. Device Cell Placement Summary for Global Clock g8
15. Device Cell Placement Summary for Global Clock g9
16. Device Cell Placement Summary for Global Clock g10
17. Clock Region Cell Placement per Global Clock: Region X0Y0
18. Clock Region Cell Placement per Global Clock: Region X1Y0
19. Clock Region Cell Placement per Global Clock: Region X0Y1
20. Clock Region Cell Placement per Global Clock: Region X1Y1
21. Clock Region Cell Placement per Global Clock: Region X0Y2
22. Clock Region Cell Placement per Global Clock: Region X1Y2

1. Clock Primitive Utilization
------------------------------

+----------+------+-----------+-----+--------------+--------+
| Type     | Used | Available | LOC | Clock Region | Pblock |
+----------+------+-----------+-----+--------------+--------+
| BUFGCTRL |   11 |        32 |   0 |            0 |      0 |
| BUFH     |    0 |        72 |   0 |            0 |      0 |
| BUFIO    |    0 |        20 |   0 |            0 |      0 |
| BUFMR    |    0 |        10 |   0 |            0 |      0 |
| BUFR     |    0 |        20 |   0 |            0 |      0 |
| MMCM     |    2 |         5 |   0 |            0 |      0 |
| PLL      |    0 |         5 |   0 |            0 |      0 |
+----------+------+-----------+-----+--------------+--------+


2. Global Clock Resources
-------------------------

+-----------+-----------+-----------------+------------+----------------+--------------+-------------------+-------------+-----------------+--------------+----------------------------------------------------------+---------------------------------------------------------------------------------------------------------------------+--------------------------------------------------------------------------------------------------------------+
| Global Id | Source Id | Driver Type/Pin | Constraint | Site           | Clock Region | Load Clock Region | Clock Loads | Non-Clock Loads | Clock Period | Clock                                                    | Driver Pin                                                                                                          | Net                                                                                                          |
+-----------+-----------+-----------------+------------+----------------+--------------+-------------------+-------------+-----------------+--------------+----------------------------------------------------------+---------------------------------------------------------------------------------------------------------------------+--------------------------------------------------------------------------------------------------------------+
| g0        | src0      | BUFG/O          | None       | BUFGCTRL_X0Y0  | n/a          |                 4 |        2571 |               0 |       10.000 | clk_out1_mb_final_clk_wiz_1_0                            | mb_block/clk_wiz_1/inst/clkout1_buf/O                                                                               | mb_block/clk_wiz_1/inst/clk_out1                                                                             |
| g1        | src1      | BUFG/O          | None       | BUFGCTRL_X0Y1  | n/a          |                 6 |         783 |               0 |       40.000 | clk_out1_clk_wiz_0                                       | mb_block/hdmi_text_controller_0/inst/clk_wiz/inst/clkout1_buf/O                                                     | mb_block/hdmi_text_controller_0/inst/clk_wiz/inst/clk_out1                                                   |
| g2        | src2      | BUFGCTRL/O      | None       | BUFGCTRL_X0Y3  | n/a          |                 1 |         233 |               0 |       33.333 | mb_block/mdm_1/U0/Use_E2.BSCAN_I/Use_E2.BSCANE2_I/DRCK   | mb_block/mdm_1/U0/No_Dbg_Reg_Access.BUFG_DRCK/Using_FPGA.Native/O                                                   | mb_block/mdm_1/U0/No_Dbg_Reg_Access.BUFG_DRCK/Dbg_Clk_0                                                      |
| g2        | src3      | BUFGCTRL/O      | None       | BUFGCTRL_X0Y3  | n/a          |                 1 |         233 |               0 |       33.333 | mb_block/mdm_1/U0/Use_E2.BSCAN_I/Use_E2.BSCANE2_I/DRCK   | mb_block/mdm_1/U0/No_Dbg_Reg_Access.BUFG_DRCK/Using_FPGA.Native/O                                                   | mb_block/mdm_1/U0/No_Dbg_Reg_Access.BUFG_DRCK/Dbg_Clk_0                                                      |
| g3        | src4      | BUFG/O          | None       | BUFGCTRL_X0Y4  | n/a          |                 2 |          52 |               1 |              |                                                          | mb_block/hdmi_text_controller_0/inst/vga/vsync_BUFG_inst/O                                                          | mb_block/hdmi_text_controller_0/inst/vga/vsync_BUFG                                                          |
| g4        | src5      | BUFG/O          | None       | BUFGCTRL_X0Y5  | n/a          |                 1 |          39 |               1 |       33.333 | mb_block/mdm_1/U0/Use_E2.BSCAN_I/Use_E2.BSCANE2_I/UPDATE | mb_block/mdm_1/U0/Use_E2.BSCAN_I/Dbg_Update_0_BUFG_inst/O                                                           | mb_block/mdm_1/U0/Use_E2.BSCAN_I/Dbg_Update_0_BUFG                                                           |
| g5        | src6      | BUFG/O          | None       | BUFGCTRL_X0Y6  | n/a          |                 3 |          32 |               0 |              |                                                          | mb_block/hdmi_text_controller_0/inst/hdmi_text_controller_v1_0_AXI_inst/palette_regs_BUFG_inst/O                    | mb_block/hdmi_text_controller_0/inst/hdmi_text_controller_v1_0_AXI_inst/palette_regs_BUFG                    |
| g6        | src7      | BUFG/O          | None       | BUFGCTRL_X0Y7  | n/a          |                 2 |          32 |               0 |              |                                                          | mb_block/hdmi_text_controller_0/inst/hdmi_text_controller_v1_0_AXI_inst/palette_regs_reg[0][31]_i_1_n_0_BUFG_inst/O | mb_block/hdmi_text_controller_0/inst/hdmi_text_controller_v1_0_AXI_inst/palette_regs_reg[0][31]_i_1_n_0_BUFG |
| g7        | src8      | BUFG/O          | None       | BUFGCTRL_X0Y8  | n/a          |                 2 |          18 |               0 |       10.000 | clk_100                                                  | Clk_IBUF_BUFG_inst/O                                                                                                | Clk_IBUF_BUFG                                                                                                |
| g8        | src9      | BUFG/O          | None       | BUFGCTRL_X0Y2  | n/a          |                 1 |           8 |               0 |        8.000 | clk_out2_clk_wiz_0                                       | mb_block/hdmi_text_controller_0/inst/clk_wiz/inst/clkout2_buf/O                                                     | mb_block/hdmi_text_controller_0/inst/clk_wiz/inst/clk_out2                                                   |
| g9        | src10     | BUFG/O          | None       | BUFGCTRL_X0Y9  | n/a          |                 1 |           1 |               0 |       10.000 | clkfbout_mb_final_clk_wiz_1_0                            | mb_block/clk_wiz_1/inst/clkf_buf/O                                                                                  | mb_block/clk_wiz_1/inst/clkfbout_buf_mb_final_clk_wiz_1_0                                                    |
| g10       | src11     | BUFG/O          | None       | BUFGCTRL_X0Y10 | n/a          |                 1 |           1 |               0 |       10.000 | clkfbout_clk_wiz_0                                       | mb_block/hdmi_text_controller_0/inst/clk_wiz/inst/clkf_buf/O                                                        | mb_block/hdmi_text_controller_0/inst/clk_wiz/inst/clkfbout_buf_clk_wiz_0                                     |
+-----------+-----------+-----------------+------------+----------------+--------------+-------------------+-------------+-----------------+--------------+----------------------------------------------------------+---------------------------------------------------------------------------------------------------------------------+--------------------------------------------------------------------------------------------------------------+
* Clock Loads column represents cell count of net connects that connect to a clock pin. Internal cell leaf pins are not considered
** Non-Clock Loads column represents cell count of non-clock pin loads


3. Global Clock Source Details
------------------------------

+-----------+-----------+---------------------+------------+-----------------+--------------+-------------+-----------------+---------------------+----------------------------------------------------------+-------------------------------------------------------------------------------------------------------+---------------------------------------------------------------------------------------------------------+
| Source Id | Global Id | Driver Type/Pin     | Constraint | Site            | Clock Region | Clock Loads | Non-Clock Loads | Source Clock Period | Source Clock                                             | Driver Pin                                                                                            | Net                                                                                                     |
+-----------+-----------+---------------------+------------+-----------------+--------------+-------------+-----------------+---------------------+----------------------------------------------------------+-------------------------------------------------------------------------------------------------------+---------------------------------------------------------------------------------------------------------+
| src0      | g0        | MMCME2_ADV/CLKOUT0  | None       | MMCME2_ADV_X0Y0 | X0Y0         |           1 |               0 |              10.000 | clk_out1_mb_final_clk_wiz_1_0                            | mb_block/clk_wiz_1/inst/mmcm_adv_inst/CLKOUT0                                                         | mb_block/clk_wiz_1/inst/clk_out1_mb_final_clk_wiz_1_0                                                   |
| src1      | g1        | MMCME2_ADV/CLKOUT0  | None       | MMCME2_ADV_X1Y0 | X1Y0         |           1 |               0 |              40.000 | clk_out1_clk_wiz_0                                       | mb_block/hdmi_text_controller_0/inst/clk_wiz/inst/mmcm_adv_inst/CLKOUT0                               | mb_block/hdmi_text_controller_0/inst/clk_wiz/inst/clk_out1_clk_wiz_0                                    |
| src2      | g2        | BSCANE2/DRCK        | None       | BSCAN_X0Y1      | X0Y0         |           1 |               0 |              33.333 | mb_block/mdm_1/U0/Use_E2.BSCAN_I/Use_E2.BSCANE2_I/DRCK   | mb_block/mdm_1/U0/Use_E2.BSCAN_I/Use_E2.BSCANE2_I/DRCK                                                | mb_block/mdm_1/U0/Use_E2.BSCAN_I/DRCK                                                                   |
| src3      | g2        | VCC/P               | None       |                 | n/a          |           0 |               0 |                     |                                                          | mb_block/mdm_1/U0/No_Dbg_Reg_Access.BUFG_DRCK/VCC_1/P                                                 | mb_block/mdm_1/U0/No_Dbg_Reg_Access.BUFG_DRCK/VCC_2                                                     |
| src4      | g3        | FDCE/Q              | None       | SLICE_X44Y46    | X1Y0         |           1 |               0 |                     |                                                          | mb_block/hdmi_text_controller_0/inst/vga/vs_reg/Q                                                     | mb_block/hdmi_text_controller_0/inst/vga/vsync                                                          |
| src5      | g4        | BSCANE2/UPDATE      | None       | BSCAN_X0Y1      | X0Y0         |           1 |               0 |              33.333 | mb_block/mdm_1/U0/Use_E2.BSCAN_I/Use_E2.BSCANE2_I/UPDATE | mb_block/mdm_1/U0/Use_E2.BSCAN_I/Use_E2.BSCANE2_I/UPDATE                                              | mb_block/mdm_1/U0/Use_E2.BSCAN_I/Dbg_Update_0                                                           |
| src6      | g5        | LUT6/O              | None       | SLICE_X36Y44    | X1Y0         |           1 |               0 |                     |                                                          | mb_block/hdmi_text_controller_0/inst/hdmi_text_controller_v1_0_AXI_inst/palette_regs_reg[7][31]_i_1/O | mb_block/hdmi_text_controller_0/inst/hdmi_text_controller_v1_0_AXI_inst/palette_regs                    |
| src7      | g6        | LUT6/O              | None       | SLICE_X36Y44    | X1Y0         |           1 |               0 |                     |                                                          | mb_block/hdmi_text_controller_0/inst/hdmi_text_controller_v1_0_AXI_inst/palette_regs_reg[0][31]_i_1/O | mb_block/hdmi_text_controller_0/inst/hdmi_text_controller_v1_0_AXI_inst/palette_regs_reg[0][31]_i_1_n_0 |
| src8      | g7        | IBUF/O              | IOB_X0Y26  | IOB_X0Y26       | X0Y0         |           1 |               0 |              10.000 | clk_100                                                  | Clk_IBUF_inst/O                                                                                       | Clk_IBUF                                                                                                |
| src9      | g8        | MMCME2_ADV/CLKOUT1  | None       | MMCME2_ADV_X1Y0 | X1Y0         |           1 |               0 |               8.000 | clk_out2_clk_wiz_0                                       | mb_block/hdmi_text_controller_0/inst/clk_wiz/inst/mmcm_adv_inst/CLKOUT1                               | mb_block/hdmi_text_controller_0/inst/clk_wiz/inst/clk_out2_clk_wiz_0                                    |
| src10     | g9        | MMCME2_ADV/CLKFBOUT | None       | MMCME2_ADV_X0Y0 | X0Y0         |           1 |               0 |              10.000 | clkfbout_mb_final_clk_wiz_1_0                            | mb_block/clk_wiz_1/inst/mmcm_adv_inst/CLKFBOUT                                                        | mb_block/clk_wiz_1/inst/clkfbout_mb_final_clk_wiz_1_0                                                   |
| src11     | g10       | MMCME2_ADV/CLKFBOUT | None       | MMCME2_ADV_X1Y0 | X1Y0         |           1 |               0 |              10.000 | clkfbout_clk_wiz_0                                       | mb_block/hdmi_text_controller_0/inst/clk_wiz/inst/mmcm_adv_inst/CLKFBOUT                              | mb_block/hdmi_text_controller_0/inst/clk_wiz/inst/clkfbout_clk_wiz_0                                    |
+-----------+-----------+---------------------+------------+-----------------+--------------+-------------+-----------------+---------------------+----------------------------------------------------------+-------------------------------------------------------------------------------------------------------+---------------------------------------------------------------------------------------------------------+
* Clock Loads column represents cell count of net connects that connect to a clock pin. Internal cell leaf pins are not considered
** Non-Clock Loads column represents cell count of non-clock pin loads


4. Clock Regions: Key Resource Utilization
------------------------------------------

+-------------------+--------------+--------------+--------------+--------------+--------------+--------------+--------------+--------------+--------------+--------------+--------------+--------------+--------------+--------------+--------------+
|                   | Global Clock |     BUFRs    |    BUFMRs    |    BUFIOs    |     MMCM     |      PLL     |      GT      |      PCI     |    ILOGIC    |    OLOGIC    |      FF      |     LUTM     |    RAMB18    |    RAMB36    |    DSP48E2   |
+-------------------+------+-------+------+-------+------+-------+------+-------+------+-------+------+-------+------+-------+------+-------+------+-------+------+-------+------+-------+------+-------+------+-------+------+-------+------+-------+
| Clock Region Name | Used | Avail | Used | Avail | Used | Avail | Used | Avail | Used | Avail | Used | Avail | Used | Avail | Used | Avail | Used | Avail | Used | Avail | Used | Avail | Used | Avail | Used | Avail | Used | Avail | Used | Avail |
+-------------------+------+-------+------+-------+------+-------+------+-------+------+-------+------+-------+------+-------+------+-------+------+-------+------+-------+------+-------+------+-------+------+-------+------+-------+------+-------+
| X0Y0              |    7 |    12 |    0 |     4 |    0 |     2 |    0 |     4 |    1 |     1 |    0 |     1 |    0 |     0 |    0 |     0 |    1 |    50 |    9 |    50 |  760 |  1200 |  157 |   400 |    0 |    20 |   10 |    10 |    0 |    20 |
| X1Y0              |    9 |    12 |    0 |     4 |    0 |     2 |    0 |     4 |    1 |     1 |    0 |     1 |    0 |     0 |    0 |     0 |    0 |    50 |    0 |    50 | 2183 |  1500 |  628 |   450 |    0 |    40 |   20 |    20 |    3 |    20 |
| X0Y1              |    2 |    12 |    0 |     4 |    0 |     2 |    0 |     4 |    0 |     1 |    0 |     1 |    0 |     0 |    0 |     0 |    0 |    50 |    0 |    50 |   42 |  1200 |   11 |   400 |    0 |    20 |    9 |    10 |    0 |    20 |
| X1Y1              |    4 |    12 |    0 |     4 |    0 |     2 |    0 |     4 |    0 |     1 |    0 |     1 |    0 |     0 |    0 |     0 |    0 |    50 |    0 |    50 |  197 |  1500 |   53 |   450 |    1 |    40 |   18 |    20 |    0 |    20 |
| X0Y2              |    1 |    12 |    0 |     4 |    0 |     2 |    0 |     4 |    0 |     1 |    0 |     1 |    0 |     0 |    0 |     0 |    0 |    50 |    0 |    50 |    0 |  1800 |    0 |   400 |    0 |    20 |    8 |    10 |    0 |    20 |
| X1Y2              |    1 |    12 |    0 |     0 |    0 |     0 |    0 |     0 |    0 |     0 |    0 |     0 |    0 |     4 |    0 |     1 |    0 |     0 |    0 |     0 |    0 |   950 |    0 |   300 |    0 |    10 |    4 |     5 |    0 |    20 |
+-------------------+------+-------+------+-------+------+-------+------+-------+------+-------+------+-------+------+-------+------+-------+------+-------+------+-------+------+-------+------+-------+------+-------+------+-------+------+-------+
* Global Clock column represents track count; while other columns represents cell counts


5. Clock Regions : Global Clock Summary
---------------------------------------

All Modules
+----+----+----+
|    | X0 | X1 |
+----+----+----+
| Y2 |  1 |  1 |
| Y1 |  2 |  4 |
| Y0 |  7 |  9 |
+----+----+----+


6. Device Cell Placement Summary for Global Clock g0
----------------------------------------------------

+-----------+-----------------+-------------------+-------------------------------+-------------+---------------+-------------+----------+----------------+----------+----------------------------------+
| Global Id | Driver Type/Pin | Driver Region (D) | Clock                         | Period (ns) | Waveform (ns) | Slice Loads | IO Loads | Clocking Loads | GT Loads | Net                              |
+-----------+-----------------+-------------------+-------------------------------+-------------+---------------+-------------+----------+----------------+----------+----------------------------------+
| g0        | BUFG/O          | n/a               | clk_out1_mb_final_clk_wiz_1_0 |      10.000 | {0.000 5.000} |        2468 |        0 |              1 |        0 | mb_block/clk_wiz_1/inst/clk_out1 |
+-----------+-----------------+-------------------+-------------------------------+-------------+---------------+-------------+----------+----------------+----------+----------------------------------+
* Slice Loads column represents load cell count of all cell types other than IO, GT and clock resources
** IO Loads column represents load cell count of IO types
*** Clocking Loads column represents load cell count that are clock resources (global clock buffer, MMCM, PLL, etc)
**** GT Loads column represents load cell count of GT types


+----+------+-------+-----------------------+
|    | X0   | X1    | HORIZONTAL PROG DELAY |
+----+------+-------+-----------------------+
| Y2 |    0 |     0 |                     - |
| Y1 |    1 |     8 |                     0 |
| Y0 |  637 |  1823 |                     0 |
+----+------+-------+-----------------------+


7. Device Cell Placement Summary for Global Clock g1
----------------------------------------------------

+-----------+-----------------+-------------------+--------------------+-------------+----------------+-------------+----------+----------------+----------+------------------------------------------------------------+
| Global Id | Driver Type/Pin | Driver Region (D) | Clock              | Period (ns) | Waveform (ns)  | Slice Loads | IO Loads | Clocking Loads | GT Loads | Net                                                        |
+-----------+-----------------+-------------------+--------------------+-------------+----------------+-------------+----------+----------------+----------+------------------------------------------------------------+
| g1        | BUFG/O          | n/a               | clk_out1_clk_wiz_0 |      40.000 | {0.000 20.000} |         583 |        8 |              0 |        0 | mb_block/hdmi_text_controller_0/inst/clk_wiz/inst/clk_out1 |
+-----------+-----------------+-------------------+--------------------+-------------+----------------+-------------+----------+----------------+----------+------------------------------------------------------------+
* Slice Loads column represents load cell count of all cell types other than IO, GT and clock resources
** IO Loads column represents load cell count of IO types
*** Clocking Loads column represents load cell count that are clock resources (global clock buffer, MMCM, PLL, etc)
**** GT Loads column represents load cell count of GT types


+----+------+------+-----------------------+
|    | X0   | X1   | HORIZONTAL PROG DELAY |
+----+------+------+-----------------------+
| Y2 |    8 |    4 |                     0 |
| Y1 |   51 |  210 |                     0 |
| Y0 |  157 |  161 |                     0 |
+----+------+------+-----------------------+


8. Device Cell Placement Summary for Global Clock g2
----------------------------------------------------

+-----------+-----------------+-------------------+--------------------------------------------------------+-------------+----------------+-------------+----------+----------------+----------+---------------------------------------------------------+
| Global Id | Driver Type/Pin | Driver Region (D) | Clock                                                  | Period (ns) | Waveform (ns)  | Slice Loads | IO Loads | Clocking Loads | GT Loads | Net                                                     |
+-----------+-----------------+-------------------+--------------------------------------------------------+-------------+----------------+-------------+----------+----------------+----------+---------------------------------------------------------+
| g2        | BUFGCTRL/O      | n/a               | mb_block/mdm_1/U0/Use_E2.BSCAN_I/Use_E2.BSCANE2_I/DRCK |      33.333 | {0.000 16.667} |         233 |        0 |              0 |        0 | mb_block/mdm_1/U0/No_Dbg_Reg_Access.BUFG_DRCK/Dbg_Clk_0 |
+-----------+-----------------+-------------------+--------------------------------------------------------+-------------+----------------+-------------+----------+----------------+----------+---------------------------------------------------------+
* Slice Loads column represents load cell count of all cell types other than IO, GT and clock resources
** IO Loads column represents load cell count of IO types
*** Clocking Loads column represents load cell count that are clock resources (global clock buffer, MMCM, PLL, etc)
**** GT Loads column represents load cell count of GT types


+----+----+------+-----------------------+
|    | X0 | X1   | HORIZONTAL PROG DELAY |
+----+----+------+-----------------------+
| Y2 |  0 |    0 |                     - |
| Y1 |  0 |    0 |                     - |
| Y0 |  0 |  233 |                     0 |
+----+----+------+-----------------------+


9. Device Cell Placement Summary for Global Clock g3
----------------------------------------------------

+-----------+-----------------+-------------------+-------+-------------+---------------+-------------+----------+----------------+----------+-----------------------------------------------------+
| Global Id | Driver Type/Pin | Driver Region (D) | Clock | Period (ns) | Waveform (ns) | Slice Loads | IO Loads | Clocking Loads | GT Loads | Net                                                 |
+-----------+-----------------+-------------------+-------+-------------+---------------+-------------+----------+----------------+----------+-----------------------------------------------------+
| g3        | BUFG/O          | n/a               |       |             |               |          53 |        0 |              0 |        0 | mb_block/hdmi_text_controller_0/inst/vga/vsync_BUFG |
+-----------+-----------------+-------------------+-------+-------------+---------------+-------------+----------+----------------+----------+-----------------------------------------------------+
* Slice Loads column represents load cell count of all cell types other than IO, GT and clock resources
** IO Loads column represents load cell count of IO types
*** Clocking Loads column represents load cell count that are clock resources (global clock buffer, MMCM, PLL, etc)
**** GT Loads column represents load cell count of GT types


+----+----+-----+-----------------------+
|    | X0 | X1  | HORIZONTAL PROG DELAY |
+----+----+-----+-----------------------+
| Y2 |  0 |   0 |                     - |
| Y1 |  0 |   0 |                     - |
| Y0 |  1 |  52 |                     0 |
+----+----+-----+-----------------------+


10. Device Cell Placement Summary for Global Clock g4
-----------------------------------------------------

+-----------+-----------------+-------------------+----------------------------------------------------------+-------------+----------------+-------------+----------+----------------+----------+----------------------------------------------------+
| Global Id | Driver Type/Pin | Driver Region (D) | Clock                                                    | Period (ns) | Waveform (ns)  | Slice Loads | IO Loads | Clocking Loads | GT Loads | Net                                                |
+-----------+-----------------+-------------------+----------------------------------------------------------+-------------+----------------+-------------+----------+----------------+----------+----------------------------------------------------+
| g4        | BUFG/O          | n/a               | mb_block/mdm_1/U0/Use_E2.BSCAN_I/Use_E2.BSCANE2_I/UPDATE |      33.333 | {0.000 16.667} |          40 |        0 |              0 |        0 | mb_block/mdm_1/U0/Use_E2.BSCAN_I/Dbg_Update_0_BUFG |
+-----------+-----------------+-------------------+----------------------------------------------------------+-------------+----------------+-------------+----------+----------------+----------+----------------------------------------------------+
* Slice Loads column represents load cell count of all cell types other than IO, GT and clock resources
** IO Loads column represents load cell count of IO types
*** Clocking Loads column represents load cell count that are clock resources (global clock buffer, MMCM, PLL, etc)
**** GT Loads column represents load cell count of GT types


+----+----+-----+-----------------------+
|    | X0 | X1  | HORIZONTAL PROG DELAY |
+----+----+-----+-----------------------+
| Y2 |  0 |   0 |                     - |
| Y1 |  0 |   0 |                     - |
| Y0 |  0 |  40 |                     0 |
+----+----+-----+-----------------------+


11. Device Cell Placement Summary for Global Clock g5
-----------------------------------------------------

+-----------+-----------------+-------------------+-------+-------------+---------------+-------------+----------+----------------+----------+-------------------------------------------------------------------------------------------+
| Global Id | Driver Type/Pin | Driver Region (D) | Clock | Period (ns) | Waveform (ns) | Slice Loads | IO Loads | Clocking Loads | GT Loads | Net                                                                                       |
+-----------+-----------------+-------------------+-------+-------------+---------------+-------------+----------+----------------+----------+-------------------------------------------------------------------------------------------+
| g5        | BUFG/O          | n/a               |       |             |               |          32 |        0 |              0 |        0 | mb_block/hdmi_text_controller_0/inst/hdmi_text_controller_v1_0_AXI_inst/palette_regs_BUFG |
+-----------+-----------------+-------------------+-------+-------------+---------------+-------------+----------+----------------+----------+-------------------------------------------------------------------------------------------+
* Slice Loads column represents load cell count of all cell types other than IO, GT and clock resources
** IO Loads column represents load cell count of IO types
*** Clocking Loads column represents load cell count that are clock resources (global clock buffer, MMCM, PLL, etc)
**** GT Loads column represents load cell count of GT types


+----+----+-----+-----------------------+
|    | X0 | X1  | HORIZONTAL PROG DELAY |
+----+----+-----+-----------------------+
| Y2 |  0 |   0 |                     - |
| Y1 |  0 |   6 |                     0 |
| Y0 |  6 |  20 |                     0 |
+----+----+-----+-----------------------+


12. Device Cell Placement Summary for Global Clock g6
-----------------------------------------------------

+-----------+-----------------+-------------------+-------+-------------+---------------+-------------+----------+----------------+----------+--------------------------------------------------------------------------------------------------------------+
| Global Id | Driver Type/Pin | Driver Region (D) | Clock | Period (ns) | Waveform (ns) | Slice Loads | IO Loads | Clocking Loads | GT Loads | Net                                                                                                          |
+-----------+-----------------+-------------------+-------+-------------+---------------+-------------+----------+----------------+----------+--------------------------------------------------------------------------------------------------------------+
| g6        | BUFG/O          | n/a               |       |             |               |          32 |        0 |              0 |        0 | mb_block/hdmi_text_controller_0/inst/hdmi_text_controller_v1_0_AXI_inst/palette_regs_reg[0][31]_i_1_n_0_BUFG |
+-----------+-----------------+-------------------+-------+-------------+---------------+-------------+----------+----------------+----------+--------------------------------------------------------------------------------------------------------------+
* Slice Loads column represents load cell count of all cell types other than IO, GT and clock resources
** IO Loads column represents load cell count of IO types
*** Clocking Loads column represents load cell count that are clock resources (global clock buffer, MMCM, PLL, etc)
**** GT Loads column represents load cell count of GT types


+----+----+-----+-----------------------+
|    | X0 | X1  | HORIZONTAL PROG DELAY |
+----+----+-----+-----------------------+
| Y2 |  0 |   0 |                     - |
| Y1 |  0 |   4 |                     0 |
| Y0 |  0 |  28 |                     0 |
+----+----+-----+-----------------------+


13. Device Cell Placement Summary for Global Clock g7
-----------------------------------------------------

+-----------+-----------------+-------------------+---------+-------------+---------------+-------------+----------+----------------+----------+---------------+
| Global Id | Driver Type/Pin | Driver Region (D) | Clock   | Period (ns) | Waveform (ns) | Slice Loads | IO Loads | Clocking Loads | GT Loads | Net           |
+-----------+-----------------+-------------------+---------+-------------+---------------+-------------+----------+----------------+----------+---------------+
| g7        | BUFG/O          | n/a               | clk_100 |      10.000 | {0.000 5.000} |          17 |        0 |              1 |        0 | Clk_IBUF_BUFG |
+-----------+-----------------+-------------------+---------+-------------+---------------+-------------+----------+----------------+----------+---------------+
* Slice Loads column represents load cell count of all cell types other than IO, GT and clock resources
** IO Loads column represents load cell count of IO types
*** Clocking Loads column represents load cell count that are clock resources (global clock buffer, MMCM, PLL, etc)
**** GT Loads column represents load cell count of GT types


+----+----+-----+-----------------------+
|    | X0 | X1  | HORIZONTAL PROG DELAY |
+----+----+-----+-----------------------+
| Y2 |  0 |   0 |                     - |
| Y1 |  0 |   0 |                     - |
| Y0 |  1 |  17 |                     0 |
+----+----+-----+-----------------------+


14. Device Cell Placement Summary for Global Clock g8
-----------------------------------------------------

+-----------+-----------------+-------------------+--------------------+-------------+---------------+-------------+----------+----------------+----------+------------------------------------------------------------+
| Global Id | Driver Type/Pin | Driver Region (D) | Clock              | Period (ns) | Waveform (ns) | Slice Loads | IO Loads | Clocking Loads | GT Loads | Net                                                        |
+-----------+-----------------+-------------------+--------------------+-------------+---------------+-------------+----------+----------------+----------+------------------------------------------------------------+
| g8        | BUFG/O          | n/a               | clk_out2_clk_wiz_0 |       8.000 | {0.000 4.000} |           0 |        8 |              0 |        0 | mb_block/hdmi_text_controller_0/inst/clk_wiz/inst/clk_out2 |
+-----------+-----------------+-------------------+--------------------+-------------+---------------+-------------+----------+----------------+----------+------------------------------------------------------------+
* Slice Loads column represents load cell count of all cell types other than IO, GT and clock resources
** IO Loads column represents load cell count of IO types
*** Clocking Loads column represents load cell count that are clock resources (global clock buffer, MMCM, PLL, etc)
**** GT Loads column represents load cell count of GT types


+----+----+----+-----------------------+
|    | X0 | X1 | HORIZONTAL PROG DELAY |
+----+----+----+-----------------------+
| Y2 |  0 |  0 |                     - |
| Y1 |  0 |  0 |                     - |
| Y0 |  8 |  0 |                     0 |
+----+----+----+-----------------------+


15. Device Cell Placement Summary for Global Clock g9
-----------------------------------------------------

+-----------+-----------------+-------------------+-------------------------------+-------------+---------------+-------------+----------+----------------+----------+-----------------------------------------------------------+
| Global Id | Driver Type/Pin | Driver Region (D) | Clock                         | Period (ns) | Waveform (ns) | Slice Loads | IO Loads | Clocking Loads | GT Loads | Net                                                       |
+-----------+-----------------+-------------------+-------------------------------+-------------+---------------+-------------+----------+----------------+----------+-----------------------------------------------------------+
| g9        | BUFG/O          | n/a               | clkfbout_mb_final_clk_wiz_1_0 |      10.000 | {0.000 5.000} |           0 |        0 |              1 |        0 | mb_block/clk_wiz_1/inst/clkfbout_buf_mb_final_clk_wiz_1_0 |
+-----------+-----------------+-------------------+-------------------------------+-------------+---------------+-------------+----------+----------------+----------+-----------------------------------------------------------+
* Slice Loads column represents load cell count of all cell types other than IO, GT and clock resources
** IO Loads column represents load cell count of IO types
*** Clocking Loads column represents load cell count that are clock resources (global clock buffer, MMCM, PLL, etc)
**** GT Loads column represents load cell count of GT types


+----+----+----+-----------------------+
|    | X0 | X1 | HORIZONTAL PROG DELAY |
+----+----+----+-----------------------+
| Y2 |  0 |  0 |                     - |
| Y1 |  0 |  0 |                     - |
| Y0 |  1 |  0 |                     0 |
+----+----+----+-----------------------+


16. Device Cell Placement Summary for Global Clock g10
------------------------------------------------------

+-----------+-----------------+-------------------+--------------------+-------------+---------------+-------------+----------+----------------+----------+--------------------------------------------------------------------------+
| Global Id | Driver Type/Pin | Driver Region (D) | Clock              | Period (ns) | Waveform (ns) | Slice Loads | IO Loads | Clocking Loads | GT Loads | Net                                                                      |
+-----------+-----------------+-------------------+--------------------+-------------+---------------+-------------+----------+----------------+----------+--------------------------------------------------------------------------+
| g10       | BUFG/O          | n/a               | clkfbout_clk_wiz_0 |      10.000 | {0.000 5.000} |           0 |        0 |              1 |        0 | mb_block/hdmi_text_controller_0/inst/clk_wiz/inst/clkfbout_buf_clk_wiz_0 |
+-----------+-----------------+-------------------+--------------------+-------------+---------------+-------------+----------+----------------+----------+--------------------------------------------------------------------------+
* Slice Loads column represents load cell count of all cell types other than IO, GT and clock resources
** IO Loads column represents load cell count of IO types
*** Clocking Loads column represents load cell count that are clock resources (global clock buffer, MMCM, PLL, etc)
**** GT Loads column represents load cell count of GT types


+----+----+----+-----------------------+
|    | X0 | X1 | HORIZONTAL PROG DELAY |
+----+----+----+-----------------------+
| Y2 |  0 |  0 |                     - |
| Y1 |  0 |  0 |                     - |
| Y0 |  0 |  1 |                     0 |
+----+----+----+-----------------------+


17. Clock Region Cell Placement per Global Clock: Region X0Y0
-------------------------------------------------------------

+-----------+-------+-----------------+------------+-------------+-----------------+-----+-------------+------+-----+----+------+-----+---------+-------------------------------------------------------------------------------------------+
| Global Id | Track | Driver Type/Pin | Constraint | Clock Loads | Non-Clock Loads | FF  | Memory LUTs | RAMB | DSP | GT | MMCM | PLL | Hard IP | Net                                                                                       |
+-----------+-------+-----------------+------------+-------------+-----------------+-----+-------------+------+-----+----+------+-----+---------+-------------------------------------------------------------------------------------------+
| g0        | n/a   | BUFG/O          | None       |         637 |               0 | 629 |           0 |    8 |   0 |  0 |    0 |   0 |       0 | mb_block/clk_wiz_1/inst/clk_out1                                                          |
| g1        | n/a   | BUFG/O          | None       |         157 |               0 | 131 |          16 |    2 |   0 |  0 |    0 |   0 |       0 | mb_block/hdmi_text_controller_0/inst/clk_wiz/inst/clk_out1                                |
| g3        | n/a   | BUFG/O          | None       |           0 |               1 |   0 |           1 |    0 |   0 |  0 |    0 |   0 |       0 | mb_block/hdmi_text_controller_0/inst/vga/vsync_BUFG                                       |
| g5        | n/a   | BUFG/O          | None       |           6 |               0 |   0 |           0 |    0 |   0 |  0 |    0 |   0 |       0 | mb_block/hdmi_text_controller_0/inst/hdmi_text_controller_v1_0_AXI_inst/palette_regs_BUFG |
| g7        | n/a   | BUFG/O          | None       |           1 |               0 |   0 |           0 |    0 |   0 |  0 |    1 |   0 |       0 | Clk_IBUF_BUFG                                                                             |
| g8        | n/a   | BUFG/O          | None       |           8 |               0 |   0 |           0 |    0 |   0 |  0 |    0 |   0 |       0 | mb_block/hdmi_text_controller_0/inst/clk_wiz/inst/clk_out2                                |
| g9        | n/a   | BUFG/O          | None       |           1 |               0 |   0 |           0 |    0 |   0 |  0 |    1 |   0 |       0 | mb_block/clk_wiz_1/inst/clkfbout_buf_mb_final_clk_wiz_1_0                                 |
+-----------+-------+-----------------+------------+-------------+-----------------+-----+-------------+------+-----+----+------+-----+---------+-------------------------------------------------------------------------------------------+
* Clock Loads column represents cell count of net connects that connect to a clock pin. Internal cell leaf pins are not considered
** Non-Clock Loads column represents cell count of non-clock pin loads
*** Columns FF, LUTRAM, RAMB through 'Hard IP' represents load cell counts


18. Clock Region Cell Placement per Global Clock: Region X1Y0
-------------------------------------------------------------

+-----------+-------+-----------------+------------+-------------+-----------------+------+-------------+------+-----+----+------+-----+---------+--------------------------------------------------------------------------------------------------------------+
| Global Id | Track | Driver Type/Pin | Constraint | Clock Loads | Non-Clock Loads | FF   | Memory LUTs | RAMB | DSP | GT | MMCM | PLL | Hard IP | Net                                                                                                          |
+-----------+-------+-----------------+------------+-------------+-----------------+------+-------------+------+-----+----+------+-----+---------+--------------------------------------------------------------------------------------------------------------+
| g0        | n/a   | BUFG/O          | None       |        1823 |               0 | 1704 |          95 |   20 |   3 |  0 |    1 |   0 |       0 | mb_block/clk_wiz_1/inst/clk_out1                                                                             |
| g1        | n/a   | BUFG/O          | None       |         161 |               0 |  161 |           0 |    0 |   0 |  0 |    0 |   0 |       0 | mb_block/hdmi_text_controller_0/inst/clk_wiz/inst/clk_out1                                                   |
| g2        | n/a   | BUFGCTRL/O      | None       |         233 |               0 |  210 |          23 |    0 |   0 |  0 |    0 |   0 |       0 | mb_block/mdm_1/U0/No_Dbg_Reg_Access.BUFG_DRCK/Dbg_Clk_0                                                      |
| g3        | n/a   | BUFG/O          | None       |          52 |               0 |   52 |           0 |    0 |   0 |  0 |    0 |   0 |       0 | mb_block/hdmi_text_controller_0/inst/vga/vsync_BUFG                                                          |
| g4        | n/a   | BUFG/O          | None       |          39 |               1 |   39 |           0 |    0 |   0 |  0 |    0 |   0 |       0 | mb_block/mdm_1/U0/Use_E2.BSCAN_I/Dbg_Update_0_BUFG                                                           |
| g5        | n/a   | BUFG/O          | None       |          20 |               0 |    0 |           0 |    0 |   0 |  0 |    0 |   0 |       0 | mb_block/hdmi_text_controller_0/inst/hdmi_text_controller_v1_0_AXI_inst/palette_regs_BUFG                    |
| g6        | n/a   | BUFG/O          | None       |          28 |               0 |    0 |           0 |    0 |   0 |  0 |    0 |   0 |       0 | mb_block/hdmi_text_controller_0/inst/hdmi_text_controller_v1_0_AXI_inst/palette_regs_reg[0][31]_i_1_n_0_BUFG |
| g7        | n/a   | BUFG/O          | None       |          17 |               0 |   17 |           0 |    0 |   0 |  0 |    0 |   0 |       0 | Clk_IBUF_BUFG                                                                                                |
| g10       | n/a   | BUFG/O          | None       |           1 |               0 |    0 |           0 |    0 |   0 |  0 |    1 |   0 |       0 | mb_block/hdmi_text_controller_0/inst/clk_wiz/inst/clkfbout_buf_clk_wiz_0                                     |
+-----------+-------+-----------------+------------+-------------+-----------------+------+-------------+------+-----+----+------+-----+---------+--------------------------------------------------------------------------------------------------------------+
* Clock Loads column represents cell count of net connects that connect to a clock pin. Internal cell leaf pins are not considered
** Non-Clock Loads column represents cell count of non-clock pin loads
*** Columns FF, LUTRAM, RAMB through 'Hard IP' represents load cell counts


19. Clock Region Cell Placement per Global Clock: Region X0Y1
-------------------------------------------------------------

+-----------+-------+-----------------+------------+-------------+-----------------+----+-------------+------+-----+----+------+-----+---------+------------------------------------------------------------+
| Global Id | Track | Driver Type/Pin | Constraint | Clock Loads | Non-Clock Loads | FF | Memory LUTs | RAMB | DSP | GT | MMCM | PLL | Hard IP | Net                                                        |
+-----------+-------+-----------------+------------+-------------+-----------------+----+-------------+------+-----+----+------+-----+---------+------------------------------------------------------------+
| g0        | n/a   | BUFG/O          | None       |           1 |               0 |  1 |           0 |    0 |   0 |  0 |    0 |   0 |       0 | mb_block/clk_wiz_1/inst/clk_out1                           |
| g1        | n/a   | BUFG/O          | None       |          51 |               0 | 41 |           0 |    9 |   0 |  0 |    0 |   0 |       0 | mb_block/hdmi_text_controller_0/inst/clk_wiz/inst/clk_out1 |
+-----------+-------+-----------------+------------+-------------+-----------------+----+-------------+------+-----+----+------+-----+---------+------------------------------------------------------------+
* Clock Loads column represents cell count of net connects that connect to a clock pin. Internal cell leaf pins are not considered
** Non-Clock Loads column represents cell count of non-clock pin loads
*** Columns FF, LUTRAM, RAMB through 'Hard IP' represents load cell counts


20. Clock Region Cell Placement per Global Clock: Region X1Y1
-------------------------------------------------------------

+-----------+-------+-----------------+------------+-------------+-----------------+-----+-------------+------+-----+----+------+-----+---------+--------------------------------------------------------------------------------------------------------------+
| Global Id | Track | Driver Type/Pin | Constraint | Clock Loads | Non-Clock Loads | FF  | Memory LUTs | RAMB | DSP | GT | MMCM | PLL | Hard IP | Net                                                                                                          |
+-----------+-------+-----------------+------------+-------------+-----------------+-----+-------------+------+-----+----+------+-----+---------+--------------------------------------------------------------------------------------------------------------+
| g0        | n/a   | BUFG/O          | None       |           8 |               0 |   2 |           0 |    6 |   0 |  0 |    0 |   0 |       0 | mb_block/clk_wiz_1/inst/clk_out1                                                                             |
| g1        | n/a   | BUFG/O          | None       |         210 |               0 | 195 |           0 |   13 |   0 |  0 |    0 |   0 |       0 | mb_block/hdmi_text_controller_0/inst/clk_wiz/inst/clk_out1                                                   |
| g5        | n/a   | BUFG/O          | None       |           6 |               0 |   0 |           0 |    0 |   0 |  0 |    0 |   0 |       0 | mb_block/hdmi_text_controller_0/inst/hdmi_text_controller_v1_0_AXI_inst/palette_regs_BUFG                    |
| g6        | n/a   | BUFG/O          | None       |           4 |               0 |   0 |           0 |    0 |   0 |  0 |    0 |   0 |       0 | mb_block/hdmi_text_controller_0/inst/hdmi_text_controller_v1_0_AXI_inst/palette_regs_reg[0][31]_i_1_n_0_BUFG |
+-----------+-------+-----------------+------------+-------------+-----------------+-----+-------------+------+-----+----+------+-----+---------+--------------------------------------------------------------------------------------------------------------+
* Clock Loads column represents cell count of net connects that connect to a clock pin. Internal cell leaf pins are not considered
** Non-Clock Loads column represents cell count of non-clock pin loads
*** Columns FF, LUTRAM, RAMB through 'Hard IP' represents load cell counts


21. Clock Region Cell Placement per Global Clock: Region X0Y2
-------------------------------------------------------------

+-----------+-------+-----------------+------------+-------------+-----------------+----+-------------+------+-----+----+------+-----+---------+------------------------------------------------------------+
| Global Id | Track | Driver Type/Pin | Constraint | Clock Loads | Non-Clock Loads | FF | Memory LUTs | RAMB | DSP | GT | MMCM | PLL | Hard IP | Net                                                        |
+-----------+-------+-----------------+------------+-------------+-----------------+----+-------------+------+-----+----+------+-----+---------+------------------------------------------------------------+
| g1        | n/a   | BUFG/O          | None       |           8 |               0 |  0 |           0 |    8 |   0 |  0 |    0 |   0 |       0 | mb_block/hdmi_text_controller_0/inst/clk_wiz/inst/clk_out1 |
+-----------+-------+-----------------+------------+-------------+-----------------+----+-------------+------+-----+----+------+-----+---------+------------------------------------------------------------+
* Clock Loads column represents cell count of net connects that connect to a clock pin. Internal cell leaf pins are not considered
** Non-Clock Loads column represents cell count of non-clock pin loads
*** Columns FF, LUTRAM, RAMB through 'Hard IP' represents load cell counts


22. Clock Region Cell Placement per Global Clock: Region X1Y2
-------------------------------------------------------------

+-----------+-------+-----------------+------------+-------------+-----------------+----+-------------+------+-----+----+------+-----+---------+------------------------------------------------------------+
| Global Id | Track | Driver Type/Pin | Constraint | Clock Loads | Non-Clock Loads | FF | Memory LUTs | RAMB | DSP | GT | MMCM | PLL | Hard IP | Net                                                        |
+-----------+-------+-----------------+------------+-------------+-----------------+----+-------------+------+-----+----+------+-----+---------+------------------------------------------------------------+
| g1        | n/a   | BUFG/O          | None       |           4 |               0 |  0 |           0 |    4 |   0 |  0 |    0 |   0 |       0 | mb_block/hdmi_text_controller_0/inst/clk_wiz/inst/clk_out1 |
+-----------+-------+-----------------+------------+-------------+-----------------+----+-------------+------+-----+----+------+-----+---------+------------------------------------------------------------+
* Clock Loads column represents cell count of net connects that connect to a clock pin. Internal cell leaf pins are not considered
** Non-Clock Loads column represents cell count of non-clock pin loads
*** Columns FF, LUTRAM, RAMB through 'Hard IP' represents load cell counts



# Location of BUFG Primitives 
set_property LOC BUFGCTRL_X0Y5 [get_cells mb_block/mdm_1/U0/Use_E2.BSCAN_I/Dbg_Update_0_BUFG_inst]
set_property LOC BUFGCTRL_X0Y3 [get_cells mb_block/mdm_1/U0/No_Dbg_Reg_Access.BUFG_DRCK/Using_FPGA.Native]
set_property LOC BUFGCTRL_X0Y4 [get_cells mb_block/hdmi_text_controller_0/inst/vga/vsync_BUFG_inst]
set_property LOC BUFGCTRL_X0Y7 [get_cells mb_block/hdmi_text_controller_0/inst/hdmi_text_controller_v1_0_AXI_inst/palette_regs_reg[0][31]_i_1_n_0_BUFG_inst]
set_property LOC BUFGCTRL_X0Y6 [get_cells mb_block/hdmi_text_controller_0/inst/hdmi_text_controller_v1_0_AXI_inst/palette_regs_BUFG_inst]
set_property LOC BUFGCTRL_X0Y10 [get_cells mb_block/hdmi_text_controller_0/inst/clk_wiz/inst/clkf_buf]
set_property LOC BUFGCTRL_X0Y2 [get_cells mb_block/hdmi_text_controller_0/inst/clk_wiz/inst/clkout2_buf]
set_property LOC BUFGCTRL_X0Y1 [get_cells mb_block/hdmi_text_controller_0/inst/clk_wiz/inst/clkout1_buf]
set_property LOC BUFGCTRL_X0Y9 [get_cells mb_block/clk_wiz_1/inst/clkf_buf]
set_property LOC BUFGCTRL_X0Y0 [get_cells mb_block/clk_wiz_1/inst/clkout1_buf]
set_property LOC BUFGCTRL_X0Y8 [get_cells Clk_IBUF_BUFG_inst]

# Location of IO Primitives which is load of clock spine

# Location of clock ports
set_property LOC IOB_X0Y26 [get_ports Clk]

# Clock net "mb_block/mdm_1/U0/Use_E2.BSCAN_I/Dbg_Update_0_BUFG" driven by instance "mb_block/mdm_1/U0/Use_E2.BSCAN_I/Dbg_Update_0_BUFG_inst" located at site "BUFGCTRL_X0Y5"
#startgroup
create_pblock {CLKAG_mb_block/mdm_1/U0/Use_E2.BSCAN_I/Dbg_Update_0_BUFG}
add_cells_to_pblock [get_pblocks  {CLKAG_mb_block/mdm_1/U0/Use_E2.BSCAN_I/Dbg_Update_0_BUFG}] [get_cells -filter { PRIMITIVE_GROUP != I/O && IS_PRIMITIVE==1 && PRIMITIVE_LEVEL !=INTERNAL } -of_object [get_pins -filter {DIRECTION==IN} -of_objects [get_nets -hierarchical -filter {PARENT=="mb_block/mdm_1/U0/Use_E2.BSCAN_I/Dbg_Update_0_BUFG"}]]]
resize_pblock [get_pblocks {CLKAG_mb_block/mdm_1/U0/Use_E2.BSCAN_I/Dbg_Update_0_BUFG}] -add {CLOCKREGION_X1Y0:CLOCKREGION_X1Y0}
#endgroup

# Clock net "mb_block/mdm_1/U0/No_Dbg_Reg_Access.BUFG_DRCK/Dbg_Clk_0" driven by instance "mb_block/mdm_1/U0/No_Dbg_Reg_Access.BUFG_DRCK/Using_FPGA.Native" located at site "BUFGCTRL_X0Y3"
#startgroup
create_pblock {CLKAG_mb_block/mdm_1/U0/No_Dbg_Reg_Access.BUFG_DRCK/Dbg_Clk_0}
add_cells_to_pblock [get_pblocks  {CLKAG_mb_block/mdm_1/U0/No_Dbg_Reg_Access.BUFG_DRCK/Dbg_Clk_0}] [get_cells -filter { PRIMITIVE_GROUP != I/O && IS_PRIMITIVE==1 && PRIMITIVE_LEVEL !=INTERNAL } -of_object [get_pins -filter {DIRECTION==IN} -of_objects [get_nets -hierarchical -filter {PARENT=="mb_block/mdm_1/U0/No_Dbg_Reg_Access.BUFG_DRCK/Dbg_Clk_0"}]]]
resize_pblock [get_pblocks {CLKAG_mb_block/mdm_1/U0/No_Dbg_Reg_Access.BUFG_DRCK/Dbg_Clk_0}] -add {CLOCKREGION_X1Y0:CLOCKREGION_X1Y0}
#endgroup

# Clock net "mb_block/hdmi_text_controller_0/inst/vga/vsync_BUFG" driven by instance "mb_block/hdmi_text_controller_0/inst/vga/vsync_BUFG_inst" located at site "BUFGCTRL_X0Y4"
#startgroup
create_pblock {CLKAG_mb_block/hdmi_text_controller_0/inst/vga/vsync_BUFG}
add_cells_to_pblock [get_pblocks  {CLKAG_mb_block/hdmi_text_controller_0/inst/vga/vsync_BUFG}] [get_cells -filter { PRIMITIVE_GROUP != I/O && IS_PRIMITIVE==1 && PRIMITIVE_LEVEL !=INTERNAL } -of_object [get_pins -filter {DIRECTION==IN} -of_objects [get_nets -hierarchical -filter {PARENT=="mb_block/hdmi_text_controller_0/inst/vga/vsync_BUFG"}]]]
resize_pblock [get_pblocks {CLKAG_mb_block/hdmi_text_controller_0/inst/vga/vsync_BUFG}] -add {CLOCKREGION_X0Y0:CLOCKREGION_X0Y0 CLOCKREGION_X1Y0:CLOCKREGION_X1Y0}
#endgroup

# Clock net "mb_block/hdmi_text_controller_0/inst/hdmi_text_controller_v1_0_AXI_inst/palette_regs_reg[0][31]_i_1_n_0_BUFG" driven by instance "mb_block/hdmi_text_controller_0/inst/hdmi_text_controller_v1_0_AXI_inst/palette_regs_reg[0][31]_i_1_n_0_BUFG_inst" located at site "BUFGCTRL_X0Y7"
#startgroup
create_pblock {CLKAG_mb_block/hdmi_text_controller_0/inst/hdmi_text_controller_v1_0_AXI_inst/palette_regs_reg[0][31]_i_1_n_0_BUFG}
add_cells_to_pblock [get_pblocks  {CLKAG_mb_block/hdmi_text_controller_0/inst/hdmi_text_controller_v1_0_AXI_inst/palette_regs_reg[0][31]_i_1_n_0_BUFG}] [get_cells -filter { PRIMITIVE_GROUP != I/O && IS_PRIMITIVE==1 && PRIMITIVE_LEVEL !=INTERNAL } -of_object [get_pins -filter {DIRECTION==IN} -of_objects [get_nets -hierarchical -filter {PARENT=="mb_block/hdmi_text_controller_0/inst/hdmi_text_controller_v1_0_AXI_inst/palette_regs_reg[0][31]_i_1_n_0_BUFG"}]]]
resize_pblock [get_pblocks {CLKAG_mb_block/hdmi_text_controller_0/inst/hdmi_text_controller_v1_0_AXI_inst/palette_regs_reg[0][31]_i_1_n_0_BUFG}] -add {CLOCKREGION_X1Y0:CLOCKREGION_X1Y0 CLOCKREGION_X1Y1:CLOCKREGION_X1Y1}
#endgroup

# Clock net "mb_block/hdmi_text_controller_0/inst/hdmi_text_controller_v1_0_AXI_inst/palette_regs_BUFG" driven by instance "mb_block/hdmi_text_controller_0/inst/hdmi_text_controller_v1_0_AXI_inst/palette_regs_BUFG_inst" located at site "BUFGCTRL_X0Y6"
#startgroup
create_pblock {CLKAG_mb_block/hdmi_text_controller_0/inst/hdmi_text_controller_v1_0_AXI_inst/palette_regs_BUFG}
add_cells_to_pblock [get_pblocks  {CLKAG_mb_block/hdmi_text_controller_0/inst/hdmi_text_controller_v1_0_AXI_inst/palette_regs_BUFG}] [get_cells -filter { PRIMITIVE_GROUP != I/O && IS_PRIMITIVE==1 && PRIMITIVE_LEVEL !=INTERNAL } -of_object [get_pins -filter {DIRECTION==IN} -of_objects [get_nets -hierarchical -filter {PARENT=="mb_block/hdmi_text_controller_0/inst/hdmi_text_controller_v1_0_AXI_inst/palette_regs_BUFG"}]]]
resize_pblock [get_pblocks {CLKAG_mb_block/hdmi_text_controller_0/inst/hdmi_text_controller_v1_0_AXI_inst/palette_regs_BUFG}] -add {CLOCKREGION_X0Y0:CLOCKREGION_X0Y0 CLOCKREGION_X1Y0:CLOCKREGION_X1Y0 CLOCKREGION_X1Y1:CLOCKREGION_X1Y1}
#endgroup

# Clock net "mb_block/hdmi_text_controller_0/inst/clk_wiz/inst/clk_out2" driven by instance "mb_block/hdmi_text_controller_0/inst/clk_wiz/inst/clkout2_buf" located at site "BUFGCTRL_X0Y2"
#startgroup
create_pblock {CLKAG_mb_block/hdmi_text_controller_0/inst/clk_wiz/inst/clk_out2}
add_cells_to_pblock [get_pblocks  {CLKAG_mb_block/hdmi_text_controller_0/inst/clk_wiz/inst/clk_out2}] [get_cells -filter { PRIMITIVE_GROUP != I/O && IS_PRIMITIVE==1 && PRIMITIVE_LEVEL !=INTERNAL } -of_object [get_pins -filter {DIRECTION==IN} -of_objects [get_nets -hierarchical -filter {PARENT=="mb_block/hdmi_text_controller_0/inst/clk_wiz/inst/clk_out2"}]]]
resize_pblock [get_pblocks {CLKAG_mb_block/hdmi_text_controller_0/inst/clk_wiz/inst/clk_out2}] -add {CLOCKREGION_X0Y0:CLOCKREGION_X0Y0}
#endgroup

# Clock net "mb_block/hdmi_text_controller_0/inst/clk_wiz/inst/clk_out1" driven by instance "mb_block/hdmi_text_controller_0/inst/clk_wiz/inst/clkout1_buf" located at site "BUFGCTRL_X0Y1"
#startgroup
create_pblock {CLKAG_mb_block/hdmi_text_controller_0/inst/clk_wiz/inst/clk_out1}
add_cells_to_pblock [get_pblocks  {CLKAG_mb_block/hdmi_text_controller_0/inst/clk_wiz/inst/clk_out1}] [get_cells -filter { PRIMITIVE_GROUP != I/O && IS_PRIMITIVE==1 && PRIMITIVE_LEVEL !=INTERNAL } -of_object [get_pins -filter {DIRECTION==IN} -of_objects [get_nets -hierarchical -filter {PARENT=="mb_block/hdmi_text_controller_0/inst/clk_wiz/inst/clk_out1"}]]]
resize_pblock [get_pblocks {CLKAG_mb_block/hdmi_text_controller_0/inst/clk_wiz/inst/clk_out1}] -add {CLOCKREGION_X0Y0:CLOCKREGION_X0Y0 CLOCKREGION_X0Y1:CLOCKREGION_X0Y1 CLOCKREGION_X0Y2:CLOCKREGION_X0Y2 CLOCKREGION_X1Y0:CLOCKREGION_X1Y0 CLOCKREGION_X1Y1:CLOCKREGION_X1Y1 CLOCKREGION_X1Y2:CLOCKREGION_X1Y2}
#endgroup

# Clock net "mb_block/clk_wiz_1/inst/clk_out1" driven by instance "mb_block/clk_wiz_1/inst/clkout1_buf" located at site "BUFGCTRL_X0Y0"
#startgroup
create_pblock {CLKAG_mb_block/clk_wiz_1/inst/clk_out1}
add_cells_to_pblock [get_pblocks  {CLKAG_mb_block/clk_wiz_1/inst/clk_out1}] [get_cells -filter { PRIMITIVE_GROUP != I/O && IS_PRIMITIVE==1 && PRIMITIVE_LEVEL !=INTERNAL && NAME!=mb_block/hdmi_text_controller_0/inst/clk_wiz/inst/mmcm_adv_inst} -of_object [get_pins -filter {DIRECTION==IN} -of_objects [get_nets -hierarchical -filter {PARENT=="mb_block/clk_wiz_1/inst/clk_out1"}]]]
resize_pblock [get_pblocks {CLKAG_mb_block/clk_wiz_1/inst/clk_out1}] -add {CLOCKREGION_X0Y0:CLOCKREGION_X0Y0 CLOCKREGION_X0Y1:CLOCKREGION_X0Y1 CLOCKREGION_X1Y0:CLOCKREGION_X1Y0 CLOCKREGION_X1Y1:CLOCKREGION_X1Y1}
#endgroup

# Clock net "Clk_IBUF_BUFG" driven by instance "Clk_IBUF_BUFG_inst" located at site "BUFGCTRL_X0Y8"
#startgroup
create_pblock {CLKAG_Clk_IBUF_BUFG}
add_cells_to_pblock [get_pblocks  {CLKAG_Clk_IBUF_BUFG}] [get_cells -filter { PRIMITIVE_GROUP != I/O && IS_PRIMITIVE==1 && PRIMITIVE_LEVEL !=INTERNAL && NAME!=mb_block/clk_wiz_1/inst/mmcm_adv_inst} -of_object [get_pins -filter {DIRECTION==IN} -of_objects [get_nets -hierarchical -filter {PARENT=="Clk_IBUF_BUFG"}]]]
resize_pblock [get_pblocks {CLKAG_Clk_IBUF_BUFG}] -add {CLOCKREGION_X1Y0:CLOCKREGION_X1Y0}
#endgroup
